Archive member included to satisfy reference by file (symbol)

/opt/homebrew/Cellar/avr-gcc@9/9.4.0_1/lib/avr-gcc/9/gcc/avr/9.4.0/avr5/libgcc.a(_mulsi3.o)
                              probes.o (__mulsi3)
/opt/homebrew/Cellar/avr-gcc@9/9.4.0_1/lib/avr-gcc/9/gcc/avr/9.4.0/avr5/libgcc.a(_udivmodqi4.o)
                              main.o (__udivmodqi4)
/opt/homebrew/Cellar/avr-gcc@9/9.4.0_1/lib/avr-gcc/9/gcc/avr/9.4.0/avr5/libgcc.a(_divmodqi4.o)
                              display.o (__divmodqi4)
/opt/homebrew/Cellar/avr-gcc@9/9.4.0_1/lib/avr-gcc/9/gcc/avr/9.4.0/avr5/libgcc.a(_udivmodhi4.o)
                              main.o (__udivmodhi4)
/opt/homebrew/Cellar/avr-gcc@9/9.4.0_1/lib/avr-gcc/9/gcc/avr/9.4.0/avr5/libgcc.a(_divmodhi4.o)
                              main.o (__divmodhi4)
/opt/homebrew/Cellar/avr-gcc@9/9.4.0_1/lib/avr-gcc/9/gcc/avr/9.4.0/avr5/libgcc.a(_udivmodsi4.o)
                              main.o (__udivmodsi4)
/opt/homebrew/Cellar/avr-gcc@9/9.4.0_1/lib/avr-gcc/9/gcc/avr/9.4.0/avr5/libgcc.a(_divmodsi4.o)
                              adjust.o (__divmodsi4)
/opt/homebrew/Cellar/avr-gcc@9/9.4.0_1/lib/avr-gcc/9/gcc/avr/9.4.0/avr5/libgcc.a(_negsi2.o)
                              /opt/homebrew/Cellar/avr-gcc@9/9.4.0_1/lib/avr-gcc/9/gcc/avr/9.4.0/avr5/libgcc.a(_divmodsi4.o) (__negsi2)
/opt/homebrew/Cellar/avr-gcc@9/9.4.0_1/lib/avr-gcc/9/gcc/avr/9.4.0/avr5/libgcc.a(_exit.o)
                              /opt/homebrew/Cellar/avr-gcc@9/9.4.0_1/lib/avr-gcc/9/gcc/avr/9.4.0/../../../../../../avr/lib/avr5/crtatmega644.o (exit)
/opt/homebrew/Cellar/avr-gcc@9/9.4.0_1/lib/avr-gcc/9/gcc/avr/9.4.0/avr5/libgcc.a(_tablejump2.o)
                              main.o (__tablejump2__)
/opt/homebrew/Cellar/avr-gcc@9/9.4.0_1/lib/avr-gcc/9/gcc/avr/9.4.0/avr5/libgcc.a(_copy_data.o)
                              main.o (__do_copy_data)
/opt/homebrew/Cellar/avr-gcc@9/9.4.0_1/lib/avr-gcc/9/gcc/avr/9.4.0/avr5/libgcc.a(_clear_bss.o)
                              main.o (__do_clear_bss)
/opt/homebrew/Cellar/avr-gcc@9/9.4.0_1/lib/avr-gcc/9/gcc/avr/9.4.0/avr5/libgcc.a(_umulhisi3.o)
                              main.o (__umulhisi3)
/opt/homebrew/Cellar/avr-gcc@9/9.4.0_1/lib/avr-gcc/9/gcc/avr/9.4.0/avr5/libgcc.a(_usmulhisi3.o)
                              cap.o (__usmulhisi3)
/opt/homebrew/Cellar/avr-gcc@9/9.4.0_1/lib/avr-gcc/9/gcc/avr/9.4.0/avr5/libgcc.a(_muluhisi3.o)
                              main.o (__muluhisi3)
/opt/homebrew/Cellar/avr-gcc@9/9.4.0_1/lib/avr-gcc/9/gcc/avr/9.4.0/avr5/libgcc.a(_prologue.o)
                              main.o (__prologue_saves__)
/opt/homebrew/Cellar/avr-gcc@9/9.4.0_1/lib/avr-gcc/9/gcc/avr/9.4.0/avr5/libgcc.a(_epilogue.o)
                              main.o (__epilogue_restores__)
/opt/homebrew/Cellar/avr-gcc@9/9.4.0_1/lib/avr-gcc/9/gcc/avr/9.4.0/../../../../../../avr/lib/avr5/libc.a(ultoa_ncheck.o)
                              display.o (__ultoa_ncheck)
/opt/homebrew/Cellar/avr-gcc@9/9.4.0_1/lib/avr-gcc/9/gcc/avr/9.4.0/../../../../../../avr/lib/avr5/libc.a(utoa_ncheck.o)
                              display.o (__utoa_ncheck)
/opt/homebrew/Cellar/avr-gcc@9/9.4.0_1/lib/avr-gcc/9/gcc/avr/9.4.0/../../../../../../avr/lib/avr5/libc.a(strrev.o)
                              /opt/homebrew/Cellar/avr-gcc@9/9.4.0_1/lib/avr-gcc/9/gcc/avr/9.4.0/../../../../../../avr/lib/avr5/libc.a(ultoa_ncheck.o) (strrev)
/opt/homebrew/Cellar/avr-gcc@9/9.4.0_1/lib/avr-gcc/9/gcc/avr/9.4.0/../../../../../../avr/lib/avr5/libatmega644.a(eerd_block.o)
                              adjust.o (eeprom_read_block)
/opt/homebrew/Cellar/avr-gcc@9/9.4.0_1/lib/avr-gcc/9/gcc/avr/9.4.0/../../../../../../avr/lib/avr5/libatmega644.a(eerd_byte.o)
                              user.o (eeprom_read_byte)
/opt/homebrew/Cellar/avr-gcc@9/9.4.0_1/lib/avr-gcc/9/gcc/avr/9.4.0/../../../../../../avr/lib/avr5/libatmega644.a(eerd_word.o)
                              user.o (eeprom_read_word)
/opt/homebrew/Cellar/avr-gcc@9/9.4.0_1/lib/avr-gcc/9/gcc/avr/9.4.0/../../../../../../avr/lib/avr5/libatmega644.a(eewr_block.o)
                              adjust.o (eeprom_write_block)
/opt/homebrew/Cellar/avr-gcc@9/9.4.0_1/lib/avr-gcc/9/gcc/avr/9.4.0/../../../../../../avr/lib/avr5/libatmega644.a(eewr_byte.o)
                              /opt/homebrew/Cellar/avr-gcc@9/9.4.0_1/lib/avr-gcc/9/gcc/avr/9.4.0/../../../../../../avr/lib/avr5/libatmega644.a(eewr_block.o) (eeprom_write_r18)

Allocating common symbols
Common symbol       size              file

Check               0xb               main.o
Resistors           0x15              main.o
UI                  0x18              main.o
X_End               0x2               ILI9341.o
AltSemi             0x7               main.o
OutBuffer           0xc               main.o
Caps                0x30              main.o
Y_End               0x2               ILI9341.o
Diodes              0x24              main.o
Cfg                 0xd               main.o
MissedParts         0x1               main.o
SPI                 0x1               main.o
LineFlags           0x2               ILI9341.o
Semi                0x1f              main.o
Y_Start             0x2               ILI9341.o
X_Start             0x2               ILI9341.o
Probes              0x12              main.o
NV                  0xb               main.o
Inductor            0x5               main.o

There are no discarded input sections

Memory Configuration

Name             Origin             Length             Attributes
text             0x00000000         0x00020000         xr
data             0x00800060         0x0000ffa0         rw!x
eeprom           0x00810000         0x00010000         rw!x
fuse             0x00820000         0x00000003         rw!x
lock             0x00830000         0x00000400         rw!x
signature        0x00840000         0x00000400         rw!x
user_signatures  0x00850000         0x00000400         rw!x
*default*        0x00000000         0xffffffff

Linker script and memory map

Address of section .data set to 0x800100
LOAD /opt/homebrew/Cellar/avr-gcc@9/9.4.0_1/lib/avr-gcc/9/gcc/avr/9.4.0/../../../../../../avr/lib/avr5/crtatmega644.o
LOAD main.o
LOAD user.o
LOAD pause.o
LOAD adjust.o
LOAD ADC.o
LOAD probes.o
LOAD display.o
LOAD resistor.o
LOAD cap.o
LOAD semi.o
LOAD inductor.o
LOAD tools_misc.o
LOAD tools_signal.o
LOAD tools_counter.o
LOAD tools_LC_Meter.o
LOAD SPI.o
LOAD I2C.o
LOAD serial.o
LOAD commands.o
LOAD OneWire.o
LOAD IR_RX.o
LOAD IR_TX.o
LOAD DHTxx.o
LOAD ADS7843.o
LOAD MAX6675.o
LOAD MAX31855.o
LOAD BH1750.o
LOAD HD44780.o
LOAD ILI9163.o
LOAD ILI9341.o
LOAD ILI9481.o
LOAD ILI9486.o
LOAD ILI9488.o
LOAD PCD8544.o
LOAD PCF8814.o
LOAD SH1106.o
LOAD SSD1306.o
LOAD ST7036.o
LOAD ST7565R.o
LOAD ST7735.o
LOAD Semi_ST7735.o
LOAD ST7920.o
LOAD STE2007.o
LOAD VT100.o
LOAD RD_Display.o
LOAD wait.o
START GROUP
LOAD /opt/homebrew/Cellar/avr-gcc@9/9.4.0_1/lib/avr-gcc/9/gcc/avr/9.4.0/avr5/libgcc.a
LOAD /opt/homebrew/Cellar/avr-gcc@9/9.4.0_1/lib/avr-gcc/9/gcc/avr/9.4.0/../../../../../../avr/lib/avr5/libm.a
LOAD /opt/homebrew/Cellar/avr-gcc@9/9.4.0_1/lib/avr-gcc/9/gcc/avr/9.4.0/../../../../../../avr/lib/avr5/libc.a
LOAD /opt/homebrew/Cellar/avr-gcc@9/9.4.0_1/lib/avr-gcc/9/gcc/avr/9.4.0/../../../../../../avr/lib/avr5/libatmega644.a
END GROUP
                0x00000000                        __TEXT_REGION_ORIGIN__ = DEFINED (__TEXT_REGION_ORIGIN__)?__TEXT_REGION_ORIGIN__:0x0
                0x00020000                        __TEXT_REGION_LENGTH__ = DEFINED (__TEXT_REGION_LENGTH__)?__TEXT_REGION_LENGTH__:0x20000
                0x00800060                        __DATA_REGION_ORIGIN__ = DEFINED (__DATA_REGION_ORIGIN__)?__DATA_REGION_ORIGIN__:0x800060
                0x0000ffa0                        __DATA_REGION_LENGTH__ = DEFINED (__DATA_REGION_LENGTH__)?__DATA_REGION_LENGTH__:0xffa0
                0x00010000                        __EEPROM_REGION_LENGTH__ = DEFINED (__EEPROM_REGION_LENGTH__)?__EEPROM_REGION_LENGTH__:0x10000
                [0x00000003]                      __FUSE_REGION_LENGTH__ = DEFINED (__FUSE_REGION_LENGTH__)?__FUSE_REGION_LENGTH__:0x400
                0x00000400                        __LOCK_REGION_LENGTH__ = DEFINED (__LOCK_REGION_LENGTH__)?__LOCK_REGION_LENGTH__:0x400
                0x00000400                        __SIGNATURE_REGION_LENGTH__ = DEFINED (__SIGNATURE_REGION_LENGTH__)?__SIGNATURE_REGION_LENGTH__:0x400
                0x00000400                        __USER_SIGNATURE_REGION_LENGTH__ = DEFINED (__USER_SIGNATURE_REGION_LENGTH__)?__USER_SIGNATURE_REGION_LENGTH__:0x400

.hash
 *(.hash)

.dynsym
 *(.dynsym)

.dynstr
 *(.dynstr)

.gnu.version
 *(.gnu.version)

.gnu.version_d
 *(.gnu.version_d)

.gnu.version_r
 *(.gnu.version_r)

.rel.init
 *(.rel.init)

.rela.init
 *(.rela.init)

.rel.text
 *(.rel.text)
 *(.rel.text.*)
 *(.rel.gnu.linkonce.t*)

.rela.text
 *(.rela.text)
 *(.rela.text.*)
 *(.rela.gnu.linkonce.t*)

.rel.fini
 *(.rel.fini)

.rela.fini
 *(.rela.fini)

.rel.rodata
 *(.rel.rodata)
 *(.rel.rodata.*)
 *(.rel.gnu.linkonce.r*)

.rela.rodata
 *(.rela.rodata)
 *(.rela.rodata.*)
 *(.rela.gnu.linkonce.r*)

.rel.data
 *(.rel.data)
 *(.rel.data.*)
 *(.rel.gnu.linkonce.d*)

.rela.data
 *(.rela.data)
 *(.rela.data.*)
 *(.rela.gnu.linkonce.d*)

.rel.ctors
 *(.rel.ctors)

.rela.ctors
 *(.rela.ctors)

.rel.dtors
 *(.rel.dtors)

.rela.dtors
 *(.rela.dtors)

.rel.got
 *(.rel.got)

.rela.got
 *(.rela.got)

.rel.bss
 *(.rel.bss)

.rela.bss
 *(.rela.bss)

.rel.plt
 *(.rel.plt)

.rela.plt
 *(.rela.plt)

.text           0x00000000     0xb142
 *(.vectors)
 .vectors       0x00000000       0x70 /opt/homebrew/Cellar/avr-gcc@9/9.4.0_1/lib/avr-gcc/9/gcc/avr/9.4.0/../../../../../../avr/lib/avr5/crtatmega644.o
                0x00000000                __vectors
                0x00000000                __vector_default
 *(.vectors)
 *(.progmem.gcc*)
                0x00000070                        . = ALIGN (0x2)
                0x00000070                        __trampolines_start = .
 *(.trampolines)
 .trampolines   0x00000070        0x0 linker stubs
 *(.trampolines*)
                0x00000070                        __trampolines_end = .
 *libprintf_flt.a:*(.progmem.data)
 *libc.a:*(.progmem.data)
 *(.progmem.*)
 .progmem.data  0x00000070     0x245a ILI9341.o
                0x00000070                PinTable
                0x000000a6                SymbolData
                0x00000b9e                FontTable
                0x00000c9e                FontData
                0x000024ca                        . = ALIGN (0x2)
 *(.lowtext)
 *(.lowtext*)
                0x000024ca                        __ctors_start = .
 *(.ctors)
                0x000024ca                        __ctors_end = .
                0x000024ca                        __dtors_start = .
 *(.dtors)
                0x000024ca                        __dtors_end = .
 SORT_BY_NAME(*)(.ctors)
 SORT_BY_NAME(*)(.dtors)
 *(.init0)
 .init0         0x000024ca        0x0 /opt/homebrew/Cellar/avr-gcc@9/9.4.0_1/lib/avr-gcc/9/gcc/avr/9.4.0/../../../../../../avr/lib/avr5/crtatmega644.o
                0x000024ca                __init
 *(.init0)
 *(.init1)
 *(.init1)
 *(.init2)
 .init2         0x000024ca        0xc /opt/homebrew/Cellar/avr-gcc@9/9.4.0_1/lib/avr-gcc/9/gcc/avr/9.4.0/../../../../../../avr/lib/avr5/crtatmega644.o
 *(.init2)
 *(.init3)
 *(.init3)
 *(.init4)
 .init4         0x000024d6       0x16 /opt/homebrew/Cellar/avr-gcc@9/9.4.0_1/lib/avr-gcc/9/gcc/avr/9.4.0/avr5/libgcc.a(_copy_data.o)
                0x000024d6                __do_copy_data
 .init4         0x000024ec       0x10 /opt/homebrew/Cellar/avr-gcc@9/9.4.0_1/lib/avr-gcc/9/gcc/avr/9.4.0/avr5/libgcc.a(_clear_bss.o)
                0x000024ec                __do_clear_bss
 *(.init4)
 *(.init5)
 *(.init5)
 *(.init6)
 *(.init6)
 *(.init7)
 *(.init7)
 *(.init8)
 *(.init8)
 *(.init9)
 .init9         0x000024fc        0x8 /opt/homebrew/Cellar/avr-gcc@9/9.4.0_1/lib/avr-gcc/9/gcc/avr/9.4.0/../../../../../../avr/lib/avr5/crtatmega644.o
 *(.init9)
 *(.text)
 .text          0x00002504        0x4 /opt/homebrew/Cellar/avr-gcc@9/9.4.0_1/lib/avr-gcc/9/gcc/avr/9.4.0/../../../../../../avr/lib/avr5/crtatmega644.o
                0x00002504                __vector_20
                0x00002504                __vector_1
                0x00002504                __vector_24
                0x00002504                __vector_12
                0x00002504                __bad_interrupt
                0x00002504                __vector_6
                0x00002504                __vector_3
                0x00002504                __vector_23
                0x00002504                __vector_25
                0x00002504                __vector_11
                0x00002504                __vector_13
                0x00002504                __vector_17
                0x00002504                __vector_19
                0x00002504                __vector_7
                0x00002504                __vector_27
                0x00002504                __vector_5
                0x00002504                __vector_4
                0x00002504                __vector_2
                0x00002504                __vector_21
                0x00002504                __vector_15
                0x00002504                __vector_8
                0x00002504                __vector_26
                0x00002504                __vector_14
                0x00002504                __vector_10
                0x00002504                __vector_16
                0x00002504                __vector_18
                0x00002504                __vector_22
 .text          0x00002508     0x163c main.o
                0x00002508                Get_SemiPinDesignator
                0x0000252a                Show_SemiPinout
                0x00002556                Show_SimplePinout
                0x000025c8                Show_ENormValues
                0x0000269a                Show_ENormCodes
                0x0000273a                Show_ENormEIA96
                0x000027aa                Show_Fail
                0x000027d8                Show_Error
                0x00002840                Show_SingleResistor
                0x000028a4                Show_Resistor
                0x00002d58                Show_Capacitor
                0x00002f44                Show_SemiCurrent
                0x00002fc6                Show_Diode_Cap
                0x00002ffe                Show_SemiFlybackDiode
                0x00003016                Show_Diode
                0x0000334a                Show_BJT
                0x000035f8                Show_FET_Extras
                0x0000373c                Show_FET_Channel
                0x0000375c                Show_FET_Mode
                0x00003778                Show_FET
                0x0000381a                Show_IGBT
                0x00003838                Show_ThyristorTriac
                0x000038a0                Show_PUT
                0x0000391c                Show_UJT
                0x0000395c                CheckVoltageRefs
                0x000039f6                PowerOff
                0x00003a46                ShowBattery
                0x00003ae0                CheckBattery
 .text          0x00003b44      0xb62 user.o
                0x00003b44                NumberOfDigits
                0x00003bba                CmpValue
                0x00003cfe                RescaleValue
                0x00003d4e                NormalizeValue
                0x00003e4a                EEStringLength
                0x00003e74                ReadEncoder
                0x00003f28                TestKey
                0x000041a6                WaitKey
                0x000041b2                SmoothLongKeyPress
                0x000041c8                ShortCircuit
                0x00004234                MarkItem
                0x0000425e                MenuTool
                0x0000442e                AdjustmentMenu
                0x000044a2                PresentMainMenu
                0x000045ce                MainMenu
 .text          0x000046a6       0xe2 pause.o
                0x000046a6                MilliSleep
                0x00004774                __vector_9
 .text          0x00004788      0x9a0 adjust.o
                0x00004788                SetAdjustmentDefaults
                0x000047b0                CheckSum
                0x000047ca                ManageAdjustmentStorage
                0x0000483c                ShowAdjustmentValues
                0x000049b0                SelfAdjustment
                0x00004e98                SelfTest
 .text          0x00005128      0x10c ADC.o
                0x00005128                ReadU
                0x00005210                ReadU_5ms
                0x00005222                ReadU_20ms
 .text          0x00005234      0x8ac probes.o
                0x00005234                UpdateProbes
                0x000052f0                UpdateProbes2
                0x000052fc                RestoreProbes
                0x0000530c                BackupProbes
                0x0000531e                ShortedPair
                0x00005382                ShortedProbes
                0x000053a6                DischargeCap
                0x00005436                DischargeProbes
                0x00005590                PullProbe
                0x000055c8                GetFactor
                0x00005694                GetENormValue
                0x00005902                CheckProbes
                0x00005a9e                CheckAlternatives
 .text          0x00005ae0      0x7a6 display.o
                0x00005ae0                Display_NextLine
                0x00005b24                Display_LastLine
                0x00005b50                Display_EEString
                0x00005b6e                Display_EEString_Center
                0x00005bc4                Display_ProbeNumber
                0x00005bfc                Display_SemiPinDesignator
                0x00005c36                Display_Space
                0x00005c3e                Display_Minus
                0x00005c46                Display_Colon
                0x00005c4e                Display_EEString_Space
                0x00005c58                Display_NL_EEString
                0x00005c72                Display_NL_EEString_Center
                0x00005c8c                Display_NL_EEString_Space
                0x00005caa                LCD_ClearLine2
                0x00005cba                LCD_ClearLine3
                0x00005cca                Display_ColoredEEString
                0x00005cf0                Display_ColoredEEString_Space
                0x00005cfa                Display_UseTitleColor
                0x00005d10                Display_UseOldColor
                0x00005d1e                Display_UseValueColor
                0x00005d34                Display_CenterLine
                0x00005d4e                Display_FullValue
                0x00005dfc                Display_SignedFullValue
                0x00005e4a                Display_Value
                0x00005fa2                Display_Value2
                0x00005fac                Display_SignedValue
                0x00005ffa                Display_EValue
                0x00006046                Display_EIA96
                0x000060b2                Display_FancyProbeNumber
                0x00006134                Display_FancySemiPinout
                0x000061d6                Display_ColorCode
 .text          0x00006286      0x750 resistor.o
                0x00006286                SmallResistor
                0x00006414                CheckResistor
                0x00006960                CheckSingleResistor
 .text          0x000069d6      0xbde cap.o
                0x000069d6                SetUpDelayTimer
                0x000069ec                DelayTimer
                0x000069fe                MeasureESR
                0x00006cd4                LargeCap
                0x00006ffc                SmallCap
                0x000072f4                MeasureCap
                0x00007460                RefCap
 .text          0x000075b4     0x120a semi.o
                0x000075b4                SemiPinDesignators
                0x0000761e                GetLeakageCurrent
                0x0000770e                SearchDiode
                0x00007734                CheckDiode
                0x00007936                VerifyMOSFET
                0x00007968                GetGateThreshold
                0x00007a6a                Get_hFE_C
                0x00007ca2                CheckTransistor
                0x000080d2                CheckDepletionModeFET
                0x0000849a                CheckThyristorTriac
                0x000085d8                CheckPUT
                0x0000867a                CheckUJT
 .text          0x000087be      0x492 inductor.o
                0x000087be                MeasureInductance
                0x00008996                MeasureInductor
 .text          0x00008c50      0xde2 tools_misc.o
                0x00008c50                ProbePinout
                0x00008c94                ESR_Tool
                0x00008d40                CheckEncoder
                0x00008e4e                Encoder_Tool
                0x00008ee6                Check_LED
                0x00008f0e                OptoCoupler_Tool
                0x000092ee                Cap_Leakage
                0x0000950e                Monitor_R
                0x00009592                Monitor_C
                0x0000968a                Monitor_L
                0x00009744                Monitor_RCL
                0x000098a8                Monitor_RL
                0x0000995a                Show_Single_Diode
                0x000099b8                Diode_LED_Check
 .text          0x00009a32      0x606 tools_signal.o
                0x00009a32                PWM_Tool
                0x00009de0                SquareWave_SignalGenerator
 .text          0x0000a038        0x0 tools_counter.o
 .text          0x0000a038        0x0 tools_LC_Meter.o
 .text          0x0000a038       0x4e SPI.o
                0x0000a038                SPI_Clock
                0x0000a054                SPI_Setup
                0x0000a07a                SPI_Write_Byte
 .text          0x0000a086        0x0 I2C.o
 .text          0x0000a086        0x0 serial.o
 .text          0x0000a086        0x0 commands.o
 .text          0x0000a086        0x0 OneWire.o
 .text          0x0000a086        0x0 IR_RX.o
 .text          0x0000a086        0x0 IR_TX.o
 .text          0x0000a086      0x30c DHTxx.o
                0x0000a086                DHTxx_Probes
                0x0000a0e4                DHTxx_WaitPullDown
                0x0000a106                DHTxx_WaitRelease
                0x0000a128                DHTxx_GetData
                0x0000a1b8                DHTxx_Checksum
                0x0000a1d8                DHT11_DisplayValues
                0x0000a22a                DHT22_DisplayValues
                0x0000a29a                DHTxx_DisplaySensor
                0x0000a2d4                DHTxx_Tool
 .text          0x0000a392        0x0 ADS7843.o
 .text          0x0000a392        0x0 MAX6675.o
 .text          0x0000a392        0x0 MAX31855.o
 .text          0x0000a392        0x0 BH1750.o
 .text          0x0000a392        0x0 HD44780.o
 .text          0x0000a392        0x0 ILI9163.o
 .text          0x0000a392      0x67e ILI9341.o
                0x0000a392                LCD_BusSetup
                0x0000a3a8                LCD_Cmd
                0x0000a3b4                LCD_Data
                0x0000a3c0                LCD_Data2
                0x0000a3da                LCD_AddressWindow
                0x0000a418                LCD_CharPos
                0x0000a46e                LCD_ClearLine
                0x0000a53a                LCD_Clear
                0x0000a556                LCD_Init
                0x0000a6d4                LCD_Char
                0x0000a7ae                LCD_Cursor
                0x0000a7ca                LCD_Symbol
                0x0000a8c2                LCD_Box
                0x0000a934                LCD_Band
 .text          0x0000aa10        0x0 ILI9481.o
 .text          0x0000aa10        0x0 ILI9486.o
 .text          0x0000aa10        0x0 ILI9488.o
 .text          0x0000aa10        0x0 PCD8544.o
 .text          0x0000aa10        0x0 PCF8814.o
 .text          0x0000aa10        0x0 SH1106.o
 .text          0x0000aa10        0x0 SSD1306.o
 .text          0x0000aa10        0x0 ST7036.o
 .text          0x0000aa10        0x0 ST7565R.o
 .text          0x0000aa10        0x0 ST7735.o
 .text          0x0000aa10        0x0 Semi_ST7735.o
 .text          0x0000aa10        0x0 ST7920.o
 .text          0x0000aa10        0x0 STE2007.o
 .text          0x0000aa10        0x0 VT100.o
 .text          0x0000aa10        0x0 RD_Display.o
 .text          0x0000aa10       0x4c wait.o
                0x0000aa10                wait5s
                0x0000aa12                wait4s
                0x0000aa14                wait3s
                0x0000aa16                wait2s
                0x0000aa18                wait1000ms
                0x0000aa18                wait1s
                0x0000aa1a                wait500ms
                0x0000aa1c                wait400ms
                0x0000aa1e                wait300ms
                0x0000aa20                wait200ms
                0x0000aa22                wait100ms
                0x0000aa26                wait50ms
                0x0000aa28                wait40ms
                0x0000aa2a                wait30ms
                0x0000aa2c                wait20ms
                0x0000aa2e                wait10ms
                0x0000aa30                wait5ms
                0x0000aa32                wait4ms
                0x0000aa34                wait3ms
                0x0000aa36                wait2ms
                0x0000aa38                wait1ms
                0x0000aa3a                wait500us
                0x0000aa3c                wait400us
                0x0000aa3e                wait300us
                0x0000aa40                wait200us
                0x0000aa42                wait100us
                0x0000aa44                wait50us
                0x0000aa46                wait40us
                0x0000aa48                wait30us
                0x0000aa4a                wait20us
                0x0000aa4c                wait10us
                0x0000aa4e                wait5us
                0x0000aa50                wait4us
                0x0000aa52                wait3us
                0x0000aa54                wait2us
                0x0000aa56                wait1us
 .text          0x0000aa5c        0x0 /opt/homebrew/Cellar/avr-gcc@9/9.4.0_1/lib/avr-gcc/9/gcc/avr/9.4.0/avr5/libgcc.a(_mulsi3.o)
 .text          0x0000aa5c        0x0 /opt/homebrew/Cellar/avr-gcc@9/9.4.0_1/lib/avr-gcc/9/gcc/avr/9.4.0/avr5/libgcc.a(_udivmodqi4.o)
 .text          0x0000aa5c        0x0 /opt/homebrew/Cellar/avr-gcc@9/9.4.0_1/lib/avr-gcc/9/gcc/avr/9.4.0/avr5/libgcc.a(_divmodqi4.o)
 .text          0x0000aa5c        0x0 /opt/homebrew/Cellar/avr-gcc@9/9.4.0_1/lib/avr-gcc/9/gcc/avr/9.4.0/avr5/libgcc.a(_udivmodhi4.o)
 .text          0x0000aa5c        0x0 /opt/homebrew/Cellar/avr-gcc@9/9.4.0_1/lib/avr-gcc/9/gcc/avr/9.4.0/avr5/libgcc.a(_divmodhi4.o)
 .text          0x0000aa5c        0x0 /opt/homebrew/Cellar/avr-gcc@9/9.4.0_1/lib/avr-gcc/9/gcc/avr/9.4.0/avr5/libgcc.a(_udivmodsi4.o)
 .text          0x0000aa5c        0x0 /opt/homebrew/Cellar/avr-gcc@9/9.4.0_1/lib/avr-gcc/9/gcc/avr/9.4.0/avr5/libgcc.a(_divmodsi4.o)
 .text          0x0000aa5c        0x0 /opt/homebrew/Cellar/avr-gcc@9/9.4.0_1/lib/avr-gcc/9/gcc/avr/9.4.0/avr5/libgcc.a(_negsi2.o)
 .text          0x0000aa5c        0x0 /opt/homebrew/Cellar/avr-gcc@9/9.4.0_1/lib/avr-gcc/9/gcc/avr/9.4.0/avr5/libgcc.a(_exit.o)
 .text          0x0000aa5c        0x0 /opt/homebrew/Cellar/avr-gcc@9/9.4.0_1/lib/avr-gcc/9/gcc/avr/9.4.0/avr5/libgcc.a(_tablejump2.o)
 .text          0x0000aa5c        0x0 /opt/homebrew/Cellar/avr-gcc@9/9.4.0_1/lib/avr-gcc/9/gcc/avr/9.4.0/avr5/libgcc.a(_copy_data.o)
 .text          0x0000aa5c        0x0 /opt/homebrew/Cellar/avr-gcc@9/9.4.0_1/lib/avr-gcc/9/gcc/avr/9.4.0/avr5/libgcc.a(_clear_bss.o)
 .text          0x0000aa5c        0x0 /opt/homebrew/Cellar/avr-gcc@9/9.4.0_1/lib/avr-gcc/9/gcc/avr/9.4.0/avr5/libgcc.a(_umulhisi3.o)
 .text          0x0000aa5c        0x0 /opt/homebrew/Cellar/avr-gcc@9/9.4.0_1/lib/avr-gcc/9/gcc/avr/9.4.0/avr5/libgcc.a(_usmulhisi3.o)
 .text          0x0000aa5c        0x0 /opt/homebrew/Cellar/avr-gcc@9/9.4.0_1/lib/avr-gcc/9/gcc/avr/9.4.0/avr5/libgcc.a(_muluhisi3.o)
 .text          0x0000aa5c        0x0 /opt/homebrew/Cellar/avr-gcc@9/9.4.0_1/lib/avr-gcc/9/gcc/avr/9.4.0/avr5/libgcc.a(_prologue.o)
 .text          0x0000aa5c        0x0 /opt/homebrew/Cellar/avr-gcc@9/9.4.0_1/lib/avr-gcc/9/gcc/avr/9.4.0/avr5/libgcc.a(_epilogue.o)
 .text          0x0000aa5c        0x0 /opt/homebrew/Cellar/avr-gcc@9/9.4.0_1/lib/avr-gcc/9/gcc/avr/9.4.0/../../../../../../avr/lib/avr5/libc.a(ultoa_ncheck.o)
 .text          0x0000aa5c        0x0 /opt/homebrew/Cellar/avr-gcc@9/9.4.0_1/lib/avr-gcc/9/gcc/avr/9.4.0/../../../../../../avr/lib/avr5/libc.a(utoa_ncheck.o)
 .text          0x0000aa5c        0x0 /opt/homebrew/Cellar/avr-gcc@9/9.4.0_1/lib/avr-gcc/9/gcc/avr/9.4.0/../../../../../../avr/lib/avr5/libc.a(strrev.o)
 .text          0x0000aa5c        0x0 /opt/homebrew/Cellar/avr-gcc@9/9.4.0_1/lib/avr-gcc/9/gcc/avr/9.4.0/../../../../../../avr/lib/avr5/libatmega644.a(eerd_block.o)
 .text          0x0000aa5c        0x0 /opt/homebrew/Cellar/avr-gcc@9/9.4.0_1/lib/avr-gcc/9/gcc/avr/9.4.0/../../../../../../avr/lib/avr5/libatmega644.a(eerd_byte.o)
 .text          0x0000aa5c        0x0 /opt/homebrew/Cellar/avr-gcc@9/9.4.0_1/lib/avr-gcc/9/gcc/avr/9.4.0/../../../../../../avr/lib/avr5/libatmega644.a(eerd_word.o)
 .text          0x0000aa5c        0x0 /opt/homebrew/Cellar/avr-gcc@9/9.4.0_1/lib/avr-gcc/9/gcc/avr/9.4.0/../../../../../../avr/lib/avr5/libatmega644.a(eewr_block.o)
 .text          0x0000aa5c        0x0 /opt/homebrew/Cellar/avr-gcc@9/9.4.0_1/lib/avr-gcc/9/gcc/avr/9.4.0/../../../../../../avr/lib/avr5/libatmega644.a(eewr_byte.o)
                0x0000aa5c                        . = ALIGN (0x2)
 *(.text.*)
 .text.startup  0x0000aa5c      0x372 main.o
                0x0000aa5c                main
 .text.libgcc.mul
                0x0000adce       0x20 /opt/homebrew/Cellar/avr-gcc@9/9.4.0_1/lib/avr-gcc/9/gcc/avr/9.4.0/avr5/libgcc.a(_mulsi3.o)
                0x0000adce                __mulsi3
 .text.libgcc.div
                0x0000adee        0x0 /opt/homebrew/Cellar/avr-gcc@9/9.4.0_1/lib/avr-gcc/9/gcc/avr/9.4.0/avr5/libgcc.a(_mulsi3.o)
 .text.libgcc   0x0000adee        0x0 /opt/homebrew/Cellar/avr-gcc@9/9.4.0_1/lib/avr-gcc/9/gcc/avr/9.4.0/avr5/libgcc.a(_mulsi3.o)
 .text.libgcc.prologue
                0x0000adee        0x0 /opt/homebrew/Cellar/avr-gcc@9/9.4.0_1/lib/avr-gcc/9/gcc/avr/9.4.0/avr5/libgcc.a(_mulsi3.o)
 .text.libgcc.builtins
                0x0000adee        0x0 /opt/homebrew/Cellar/avr-gcc@9/9.4.0_1/lib/avr-gcc/9/gcc/avr/9.4.0/avr5/libgcc.a(_mulsi3.o)
 .text.libgcc.fmul
                0x0000adee        0x0 /opt/homebrew/Cellar/avr-gcc@9/9.4.0_1/lib/avr-gcc/9/gcc/avr/9.4.0/avr5/libgcc.a(_mulsi3.o)
 .text.libgcc.fixed
                0x0000adee        0x0 /opt/homebrew/Cellar/avr-gcc@9/9.4.0_1/lib/avr-gcc/9/gcc/avr/9.4.0/avr5/libgcc.a(_mulsi3.o)
 .text.libgcc.mul
                0x0000adee        0x0 /opt/homebrew/Cellar/avr-gcc@9/9.4.0_1/lib/avr-gcc/9/gcc/avr/9.4.0/avr5/libgcc.a(_udivmodqi4.o)
 .text.libgcc.div
                0x0000adee       0x18 /opt/homebrew/Cellar/avr-gcc@9/9.4.0_1/lib/avr-gcc/9/gcc/avr/9.4.0/avr5/libgcc.a(_udivmodqi4.o)
                0x0000adee                __udivmodqi4
 .text.libgcc   0x0000ae06        0x0 /opt/homebrew/Cellar/avr-gcc@9/9.4.0_1/lib/avr-gcc/9/gcc/avr/9.4.0/avr5/libgcc.a(_udivmodqi4.o)
 .text.libgcc.prologue
                0x0000ae06        0x0 /opt/homebrew/Cellar/avr-gcc@9/9.4.0_1/lib/avr-gcc/9/gcc/avr/9.4.0/avr5/libgcc.a(_udivmodqi4.o)
 .text.libgcc.builtins
                0x0000ae06        0x0 /opt/homebrew/Cellar/avr-gcc@9/9.4.0_1/lib/avr-gcc/9/gcc/avr/9.4.0/avr5/libgcc.a(_udivmodqi4.o)
 .text.libgcc.fmul
                0x0000ae06        0x0 /opt/homebrew/Cellar/avr-gcc@9/9.4.0_1/lib/avr-gcc/9/gcc/avr/9.4.0/avr5/libgcc.a(_udivmodqi4.o)
 .text.libgcc.fixed
                0x0000ae06        0x0 /opt/homebrew/Cellar/avr-gcc@9/9.4.0_1/lib/avr-gcc/9/gcc/avr/9.4.0/avr5/libgcc.a(_udivmodqi4.o)
 .text.libgcc.mul
                0x0000ae06        0x0 /opt/homebrew/Cellar/avr-gcc@9/9.4.0_1/lib/avr-gcc/9/gcc/avr/9.4.0/avr5/libgcc.a(_divmodqi4.o)
 .text.libgcc.div
                0x0000ae06       0x1c /opt/homebrew/Cellar/avr-gcc@9/9.4.0_1/lib/avr-gcc/9/gcc/avr/9.4.0/avr5/libgcc.a(_divmodqi4.o)
                0x0000ae06                __divmodqi4
 .text.libgcc   0x0000ae22        0x0 /opt/homebrew/Cellar/avr-gcc@9/9.4.0_1/lib/avr-gcc/9/gcc/avr/9.4.0/avr5/libgcc.a(_divmodqi4.o)
 .text.libgcc.prologue
                0x0000ae22        0x0 /opt/homebrew/Cellar/avr-gcc@9/9.4.0_1/lib/avr-gcc/9/gcc/avr/9.4.0/avr5/libgcc.a(_divmodqi4.o)
 .text.libgcc.builtins
                0x0000ae22        0x0 /opt/homebrew/Cellar/avr-gcc@9/9.4.0_1/lib/avr-gcc/9/gcc/avr/9.4.0/avr5/libgcc.a(_divmodqi4.o)
 .text.libgcc.fmul
                0x0000ae22        0x0 /opt/homebrew/Cellar/avr-gcc@9/9.4.0_1/lib/avr-gcc/9/gcc/avr/9.4.0/avr5/libgcc.a(_divmodqi4.o)
 .text.libgcc.fixed
                0x0000ae22        0x0 /opt/homebrew/Cellar/avr-gcc@9/9.4.0_1/lib/avr-gcc/9/gcc/avr/9.4.0/avr5/libgcc.a(_divmodqi4.o)
 .text.libgcc.mul
                0x0000ae22        0x0 /opt/homebrew/Cellar/avr-gcc@9/9.4.0_1/lib/avr-gcc/9/gcc/avr/9.4.0/avr5/libgcc.a(_udivmodhi4.o)
 .text.libgcc.div
                0x0000ae22       0x28 /opt/homebrew/Cellar/avr-gcc@9/9.4.0_1/lib/avr-gcc/9/gcc/avr/9.4.0/avr5/libgcc.a(_udivmodhi4.o)
                0x0000ae22                __udivmodhi4
 .text.libgcc   0x0000ae4a        0x0 /opt/homebrew/Cellar/avr-gcc@9/9.4.0_1/lib/avr-gcc/9/gcc/avr/9.4.0/avr5/libgcc.a(_udivmodhi4.o)
 .text.libgcc.prologue
                0x0000ae4a        0x0 /opt/homebrew/Cellar/avr-gcc@9/9.4.0_1/lib/avr-gcc/9/gcc/avr/9.4.0/avr5/libgcc.a(_udivmodhi4.o)
 .text.libgcc.builtins
                0x0000ae4a        0x0 /opt/homebrew/Cellar/avr-gcc@9/9.4.0_1/lib/avr-gcc/9/gcc/avr/9.4.0/avr5/libgcc.a(_udivmodhi4.o)
 .text.libgcc.fmul
                0x0000ae4a        0x0 /opt/homebrew/Cellar/avr-gcc@9/9.4.0_1/lib/avr-gcc/9/gcc/avr/9.4.0/avr5/libgcc.a(_udivmodhi4.o)
 .text.libgcc.fixed
                0x0000ae4a        0x0 /opt/homebrew/Cellar/avr-gcc@9/9.4.0_1/lib/avr-gcc/9/gcc/avr/9.4.0/avr5/libgcc.a(_udivmodhi4.o)
 .text.libgcc.mul
                0x0000ae4a        0x0 /opt/homebrew/Cellar/avr-gcc@9/9.4.0_1/lib/avr-gcc/9/gcc/avr/9.4.0/avr5/libgcc.a(_divmodhi4.o)
 .text.libgcc.div
                0x0000ae4a       0x28 /opt/homebrew/Cellar/avr-gcc@9/9.4.0_1/lib/avr-gcc/9/gcc/avr/9.4.0/avr5/libgcc.a(_divmodhi4.o)
                0x0000ae4a                __divmodhi4
                0x0000ae4a                _div
 .text.libgcc   0x0000ae72        0x0 /opt/homebrew/Cellar/avr-gcc@9/9.4.0_1/lib/avr-gcc/9/gcc/avr/9.4.0/avr5/libgcc.a(_divmodhi4.o)
 .text.libgcc.prologue
                0x0000ae72        0x0 /opt/homebrew/Cellar/avr-gcc@9/9.4.0_1/lib/avr-gcc/9/gcc/avr/9.4.0/avr5/libgcc.a(_divmodhi4.o)
 .text.libgcc.builtins
                0x0000ae72        0x0 /opt/homebrew/Cellar/avr-gcc@9/9.4.0_1/lib/avr-gcc/9/gcc/avr/9.4.0/avr5/libgcc.a(_divmodhi4.o)
 .text.libgcc.fmul
                0x0000ae72        0x0 /opt/homebrew/Cellar/avr-gcc@9/9.4.0_1/lib/avr-gcc/9/gcc/avr/9.4.0/avr5/libgcc.a(_divmodhi4.o)
 .text.libgcc.fixed
                0x0000ae72        0x0 /opt/homebrew/Cellar/avr-gcc@9/9.4.0_1/lib/avr-gcc/9/gcc/avr/9.4.0/avr5/libgcc.a(_divmodhi4.o)
 .text.libgcc.mul
                0x0000ae72        0x0 /opt/homebrew/Cellar/avr-gcc@9/9.4.0_1/lib/avr-gcc/9/gcc/avr/9.4.0/avr5/libgcc.a(_udivmodsi4.o)
 .text.libgcc.div
                0x0000ae72       0x44 /opt/homebrew/Cellar/avr-gcc@9/9.4.0_1/lib/avr-gcc/9/gcc/avr/9.4.0/avr5/libgcc.a(_udivmodsi4.o)
                0x0000ae72                __udivmodsi4
 .text.libgcc   0x0000aeb6        0x0 /opt/homebrew/Cellar/avr-gcc@9/9.4.0_1/lib/avr-gcc/9/gcc/avr/9.4.0/avr5/libgcc.a(_udivmodsi4.o)
 .text.libgcc.prologue
                0x0000aeb6        0x0 /opt/homebrew/Cellar/avr-gcc@9/9.4.0_1/lib/avr-gcc/9/gcc/avr/9.4.0/avr5/libgcc.a(_udivmodsi4.o)
 .text.libgcc.builtins
                0x0000aeb6        0x0 /opt/homebrew/Cellar/avr-gcc@9/9.4.0_1/lib/avr-gcc/9/gcc/avr/9.4.0/avr5/libgcc.a(_udivmodsi4.o)
 .text.libgcc.fmul
                0x0000aeb6        0x0 /opt/homebrew/Cellar/avr-gcc@9/9.4.0_1/lib/avr-gcc/9/gcc/avr/9.4.0/avr5/libgcc.a(_udivmodsi4.o)
 .text.libgcc.fixed
                0x0000aeb6        0x0 /opt/homebrew/Cellar/avr-gcc@9/9.4.0_1/lib/avr-gcc/9/gcc/avr/9.4.0/avr5/libgcc.a(_udivmodsi4.o)
 .text.libgcc.mul
                0x0000aeb6        0x0 /opt/homebrew/Cellar/avr-gcc@9/9.4.0_1/lib/avr-gcc/9/gcc/avr/9.4.0/avr5/libgcc.a(_divmodsi4.o)
 .text.libgcc.div
                0x0000aeb6       0x2e /opt/homebrew/Cellar/avr-gcc@9/9.4.0_1/lib/avr-gcc/9/gcc/avr/9.4.0/avr5/libgcc.a(_divmodsi4.o)
                0x0000aeb6                __divmodsi4
 .text.libgcc   0x0000aee4        0x0 /opt/homebrew/Cellar/avr-gcc@9/9.4.0_1/lib/avr-gcc/9/gcc/avr/9.4.0/avr5/libgcc.a(_divmodsi4.o)
 .text.libgcc.prologue
                0x0000aee4        0x0 /opt/homebrew/Cellar/avr-gcc@9/9.4.0_1/lib/avr-gcc/9/gcc/avr/9.4.0/avr5/libgcc.a(_divmodsi4.o)
 .text.libgcc.builtins
                0x0000aee4        0x0 /opt/homebrew/Cellar/avr-gcc@9/9.4.0_1/lib/avr-gcc/9/gcc/avr/9.4.0/avr5/libgcc.a(_divmodsi4.o)
 .text.libgcc.fmul
                0x0000aee4        0x0 /opt/homebrew/Cellar/avr-gcc@9/9.4.0_1/lib/avr-gcc/9/gcc/avr/9.4.0/avr5/libgcc.a(_divmodsi4.o)
 .text.libgcc.fixed
                0x0000aee4        0x0 /opt/homebrew/Cellar/avr-gcc@9/9.4.0_1/lib/avr-gcc/9/gcc/avr/9.4.0/avr5/libgcc.a(_divmodsi4.o)
 .text.libgcc.mul
                0x0000aee4        0x0 /opt/homebrew/Cellar/avr-gcc@9/9.4.0_1/lib/avr-gcc/9/gcc/avr/9.4.0/avr5/libgcc.a(_negsi2.o)
 .text.libgcc.div
                0x0000aee4       0x10 /opt/homebrew/Cellar/avr-gcc@9/9.4.0_1/lib/avr-gcc/9/gcc/avr/9.4.0/avr5/libgcc.a(_negsi2.o)
                0x0000aee4                __negsi2
 .text.libgcc   0x0000aef4        0x0 /opt/homebrew/Cellar/avr-gcc@9/9.4.0_1/lib/avr-gcc/9/gcc/avr/9.4.0/avr5/libgcc.a(_negsi2.o)
 .text.libgcc.prologue
                0x0000aef4        0x0 /opt/homebrew/Cellar/avr-gcc@9/9.4.0_1/lib/avr-gcc/9/gcc/avr/9.4.0/avr5/libgcc.a(_negsi2.o)
 .text.libgcc.builtins
                0x0000aef4        0x0 /opt/homebrew/Cellar/avr-gcc@9/9.4.0_1/lib/avr-gcc/9/gcc/avr/9.4.0/avr5/libgcc.a(_negsi2.o)
 .text.libgcc.fmul
                0x0000aef4        0x0 /opt/homebrew/Cellar/avr-gcc@9/9.4.0_1/lib/avr-gcc/9/gcc/avr/9.4.0/avr5/libgcc.a(_negsi2.o)
 .text.libgcc.fixed
                0x0000aef4        0x0 /opt/homebrew/Cellar/avr-gcc@9/9.4.0_1/lib/avr-gcc/9/gcc/avr/9.4.0/avr5/libgcc.a(_negsi2.o)
 .text.libgcc.mul
                0x0000aef4        0x0 /opt/homebrew/Cellar/avr-gcc@9/9.4.0_1/lib/avr-gcc/9/gcc/avr/9.4.0/avr5/libgcc.a(_exit.o)
 .text.libgcc.div
                0x0000aef4        0x0 /opt/homebrew/Cellar/avr-gcc@9/9.4.0_1/lib/avr-gcc/9/gcc/avr/9.4.0/avr5/libgcc.a(_exit.o)
 .text.libgcc   0x0000aef4        0x0 /opt/homebrew/Cellar/avr-gcc@9/9.4.0_1/lib/avr-gcc/9/gcc/avr/9.4.0/avr5/libgcc.a(_exit.o)
 .text.libgcc.prologue
                0x0000aef4        0x0 /opt/homebrew/Cellar/avr-gcc@9/9.4.0_1/lib/avr-gcc/9/gcc/avr/9.4.0/avr5/libgcc.a(_exit.o)
 .text.libgcc.builtins
                0x0000aef4        0x0 /opt/homebrew/Cellar/avr-gcc@9/9.4.0_1/lib/avr-gcc/9/gcc/avr/9.4.0/avr5/libgcc.a(_exit.o)
 .text.libgcc.fmul
                0x0000aef4        0x0 /opt/homebrew/Cellar/avr-gcc@9/9.4.0_1/lib/avr-gcc/9/gcc/avr/9.4.0/avr5/libgcc.a(_exit.o)
 .text.libgcc.fixed
                0x0000aef4        0x0 /opt/homebrew/Cellar/avr-gcc@9/9.4.0_1/lib/avr-gcc/9/gcc/avr/9.4.0/avr5/libgcc.a(_exit.o)
 .text.libgcc.mul
                0x0000aef4        0x0 /opt/homebrew/Cellar/avr-gcc@9/9.4.0_1/lib/avr-gcc/9/gcc/avr/9.4.0/avr5/libgcc.a(_tablejump2.o)
 .text.libgcc.div
                0x0000aef4        0x0 /opt/homebrew/Cellar/avr-gcc@9/9.4.0_1/lib/avr-gcc/9/gcc/avr/9.4.0/avr5/libgcc.a(_tablejump2.o)
 .text.libgcc   0x0000aef4        0xc /opt/homebrew/Cellar/avr-gcc@9/9.4.0_1/lib/avr-gcc/9/gcc/avr/9.4.0/avr5/libgcc.a(_tablejump2.o)
                0x0000aef4                __tablejump2__
 .text.libgcc.prologue
                0x0000af00        0x0 /opt/homebrew/Cellar/avr-gcc@9/9.4.0_1/lib/avr-gcc/9/gcc/avr/9.4.0/avr5/libgcc.a(_tablejump2.o)
 .text.libgcc.builtins
                0x0000af00        0x0 /opt/homebrew/Cellar/avr-gcc@9/9.4.0_1/lib/avr-gcc/9/gcc/avr/9.4.0/avr5/libgcc.a(_tablejump2.o)
 .text.libgcc.fmul
                0x0000af00        0x0 /opt/homebrew/Cellar/avr-gcc@9/9.4.0_1/lib/avr-gcc/9/gcc/avr/9.4.0/avr5/libgcc.a(_tablejump2.o)
 .text.libgcc.fixed
                0x0000af00        0x0 /opt/homebrew/Cellar/avr-gcc@9/9.4.0_1/lib/avr-gcc/9/gcc/avr/9.4.0/avr5/libgcc.a(_tablejump2.o)
 .text.libgcc.mul
                0x0000af00        0x0 /opt/homebrew/Cellar/avr-gcc@9/9.4.0_1/lib/avr-gcc/9/gcc/avr/9.4.0/avr5/libgcc.a(_copy_data.o)
 .text.libgcc.div
                0x0000af00        0x0 /opt/homebrew/Cellar/avr-gcc@9/9.4.0_1/lib/avr-gcc/9/gcc/avr/9.4.0/avr5/libgcc.a(_copy_data.o)
 .text.libgcc   0x0000af00        0x0 /opt/homebrew/Cellar/avr-gcc@9/9.4.0_1/lib/avr-gcc/9/gcc/avr/9.4.0/avr5/libgcc.a(_copy_data.o)
 .text.libgcc.prologue
                0x0000af00        0x0 /opt/homebrew/Cellar/avr-gcc@9/9.4.0_1/lib/avr-gcc/9/gcc/avr/9.4.0/avr5/libgcc.a(_copy_data.o)
 .text.libgcc.builtins
                0x0000af00        0x0 /opt/homebrew/Cellar/avr-gcc@9/9.4.0_1/lib/avr-gcc/9/gcc/avr/9.4.0/avr5/libgcc.a(_copy_data.o)
 .text.libgcc.fmul
                0x0000af00        0x0 /opt/homebrew/Cellar/avr-gcc@9/9.4.0_1/lib/avr-gcc/9/gcc/avr/9.4.0/avr5/libgcc.a(_copy_data.o)
 .text.libgcc.fixed
                0x0000af00        0x0 /opt/homebrew/Cellar/avr-gcc@9/9.4.0_1/lib/avr-gcc/9/gcc/avr/9.4.0/avr5/libgcc.a(_copy_data.o)
 .text.libgcc.mul
                0x0000af00        0x0 /opt/homebrew/Cellar/avr-gcc@9/9.4.0_1/lib/avr-gcc/9/gcc/avr/9.4.0/avr5/libgcc.a(_clear_bss.o)
 .text.libgcc.div
                0x0000af00        0x0 /opt/homebrew/Cellar/avr-gcc@9/9.4.0_1/lib/avr-gcc/9/gcc/avr/9.4.0/avr5/libgcc.a(_clear_bss.o)
 .text.libgcc   0x0000af00        0x0 /opt/homebrew/Cellar/avr-gcc@9/9.4.0_1/lib/avr-gcc/9/gcc/avr/9.4.0/avr5/libgcc.a(_clear_bss.o)
 .text.libgcc.prologue
                0x0000af00        0x0 /opt/homebrew/Cellar/avr-gcc@9/9.4.0_1/lib/avr-gcc/9/gcc/avr/9.4.0/avr5/libgcc.a(_clear_bss.o)
 .text.libgcc.builtins
                0x0000af00        0x0 /opt/homebrew/Cellar/avr-gcc@9/9.4.0_1/lib/avr-gcc/9/gcc/avr/9.4.0/avr5/libgcc.a(_clear_bss.o)
 .text.libgcc.fmul
                0x0000af00        0x0 /opt/homebrew/Cellar/avr-gcc@9/9.4.0_1/lib/avr-gcc/9/gcc/avr/9.4.0/avr5/libgcc.a(_clear_bss.o)
 .text.libgcc.fixed
                0x0000af00        0x0 /opt/homebrew/Cellar/avr-gcc@9/9.4.0_1/lib/avr-gcc/9/gcc/avr/9.4.0/avr5/libgcc.a(_clear_bss.o)
 .text.libgcc.mul
                0x0000af00       0x1e /opt/homebrew/Cellar/avr-gcc@9/9.4.0_1/lib/avr-gcc/9/gcc/avr/9.4.0/avr5/libgcc.a(_umulhisi3.o)
                0x0000af00                __umulhisi3
 .text.libgcc.div
                0x0000af1e        0x0 /opt/homebrew/Cellar/avr-gcc@9/9.4.0_1/lib/avr-gcc/9/gcc/avr/9.4.0/avr5/libgcc.a(_umulhisi3.o)
 .text.libgcc   0x0000af1e        0x0 /opt/homebrew/Cellar/avr-gcc@9/9.4.0_1/lib/avr-gcc/9/gcc/avr/9.4.0/avr5/libgcc.a(_umulhisi3.o)
 .text.libgcc.prologue
                0x0000af1e        0x0 /opt/homebrew/Cellar/avr-gcc@9/9.4.0_1/lib/avr-gcc/9/gcc/avr/9.4.0/avr5/libgcc.a(_umulhisi3.o)
 .text.libgcc.builtins
                0x0000af1e        0x0 /opt/homebrew/Cellar/avr-gcc@9/9.4.0_1/lib/avr-gcc/9/gcc/avr/9.4.0/avr5/libgcc.a(_umulhisi3.o)
 .text.libgcc.fmul
                0x0000af1e        0x0 /opt/homebrew/Cellar/avr-gcc@9/9.4.0_1/lib/avr-gcc/9/gcc/avr/9.4.0/avr5/libgcc.a(_umulhisi3.o)
 .text.libgcc.fixed
                0x0000af1e        0x0 /opt/homebrew/Cellar/avr-gcc@9/9.4.0_1/lib/avr-gcc/9/gcc/avr/9.4.0/avr5/libgcc.a(_umulhisi3.o)
 .text.libgcc.mul
                0x0000af1e        0xe /opt/homebrew/Cellar/avr-gcc@9/9.4.0_1/lib/avr-gcc/9/gcc/avr/9.4.0/avr5/libgcc.a(_usmulhisi3.o)
                0x0000af1e                __usmulhisi3
                0x0000af22                __usmulhisi3_tail
 .text.libgcc.div
                0x0000af2c        0x0 /opt/homebrew/Cellar/avr-gcc@9/9.4.0_1/lib/avr-gcc/9/gcc/avr/9.4.0/avr5/libgcc.a(_usmulhisi3.o)
 .text.libgcc   0x0000af2c        0x0 /opt/homebrew/Cellar/avr-gcc@9/9.4.0_1/lib/avr-gcc/9/gcc/avr/9.4.0/avr5/libgcc.a(_usmulhisi3.o)
 .text.libgcc.prologue
                0x0000af2c        0x0 /opt/homebrew/Cellar/avr-gcc@9/9.4.0_1/lib/avr-gcc/9/gcc/avr/9.4.0/avr5/libgcc.a(_usmulhisi3.o)
 .text.libgcc.builtins
                0x0000af2c        0x0 /opt/homebrew/Cellar/avr-gcc@9/9.4.0_1/lib/avr-gcc/9/gcc/avr/9.4.0/avr5/libgcc.a(_usmulhisi3.o)
 .text.libgcc.fmul
                0x0000af2c        0x0 /opt/homebrew/Cellar/avr-gcc@9/9.4.0_1/lib/avr-gcc/9/gcc/avr/9.4.0/avr5/libgcc.a(_usmulhisi3.o)
 .text.libgcc.fixed
                0x0000af2c        0x0 /opt/homebrew/Cellar/avr-gcc@9/9.4.0_1/lib/avr-gcc/9/gcc/avr/9.4.0/avr5/libgcc.a(_usmulhisi3.o)
 .text.libgcc.mul
                0x0000af2c       0x16 /opt/homebrew/Cellar/avr-gcc@9/9.4.0_1/lib/avr-gcc/9/gcc/avr/9.4.0/avr5/libgcc.a(_muluhisi3.o)
                0x0000af2c                __muluhisi3
 .text.libgcc.div
                0x0000af42        0x0 /opt/homebrew/Cellar/avr-gcc@9/9.4.0_1/lib/avr-gcc/9/gcc/avr/9.4.0/avr5/libgcc.a(_muluhisi3.o)
 .text.libgcc   0x0000af42        0x0 /opt/homebrew/Cellar/avr-gcc@9/9.4.0_1/lib/avr-gcc/9/gcc/avr/9.4.0/avr5/libgcc.a(_muluhisi3.o)
 .text.libgcc.prologue
                0x0000af42        0x0 /opt/homebrew/Cellar/avr-gcc@9/9.4.0_1/lib/avr-gcc/9/gcc/avr/9.4.0/avr5/libgcc.a(_muluhisi3.o)
 .text.libgcc.builtins
                0x0000af42        0x0 /opt/homebrew/Cellar/avr-gcc@9/9.4.0_1/lib/avr-gcc/9/gcc/avr/9.4.0/avr5/libgcc.a(_muluhisi3.o)
 .text.libgcc.fmul
                0x0000af42        0x0 /opt/homebrew/Cellar/avr-gcc@9/9.4.0_1/lib/avr-gcc/9/gcc/avr/9.4.0/avr5/libgcc.a(_muluhisi3.o)
 .text.libgcc.fixed
                0x0000af42        0x0 /opt/homebrew/Cellar/avr-gcc@9/9.4.0_1/lib/avr-gcc/9/gcc/avr/9.4.0/avr5/libgcc.a(_muluhisi3.o)
 .text.libgcc.mul
                0x0000af42        0x0 /opt/homebrew/Cellar/avr-gcc@9/9.4.0_1/lib/avr-gcc/9/gcc/avr/9.4.0/avr5/libgcc.a(_prologue.o)
 .text.libgcc.div
                0x0000af42        0x0 /opt/homebrew/Cellar/avr-gcc@9/9.4.0_1/lib/avr-gcc/9/gcc/avr/9.4.0/avr5/libgcc.a(_prologue.o)
 .text.libgcc   0x0000af42        0x0 /opt/homebrew/Cellar/avr-gcc@9/9.4.0_1/lib/avr-gcc/9/gcc/avr/9.4.0/avr5/libgcc.a(_prologue.o)
 .text.libgcc.prologue
                0x0000af42       0x38 /opt/homebrew/Cellar/avr-gcc@9/9.4.0_1/lib/avr-gcc/9/gcc/avr/9.4.0/avr5/libgcc.a(_prologue.o)
                0x0000af42                __prologue_saves__
 .text.libgcc.builtins
                0x0000af7a        0x0 /opt/homebrew/Cellar/avr-gcc@9/9.4.0_1/lib/avr-gcc/9/gcc/avr/9.4.0/avr5/libgcc.a(_prologue.o)
 .text.libgcc.fmul
                0x0000af7a        0x0 /opt/homebrew/Cellar/avr-gcc@9/9.4.0_1/lib/avr-gcc/9/gcc/avr/9.4.0/avr5/libgcc.a(_prologue.o)
 .text.libgcc.fixed
                0x0000af7a        0x0 /opt/homebrew/Cellar/avr-gcc@9/9.4.0_1/lib/avr-gcc/9/gcc/avr/9.4.0/avr5/libgcc.a(_prologue.o)
 .text.libgcc.mul
                0x0000af7a        0x0 /opt/homebrew/Cellar/avr-gcc@9/9.4.0_1/lib/avr-gcc/9/gcc/avr/9.4.0/avr5/libgcc.a(_epilogue.o)
 .text.libgcc.div
                0x0000af7a        0x0 /opt/homebrew/Cellar/avr-gcc@9/9.4.0_1/lib/avr-gcc/9/gcc/avr/9.4.0/avr5/libgcc.a(_epilogue.o)
 .text.libgcc   0x0000af7a        0x0 /opt/homebrew/Cellar/avr-gcc@9/9.4.0_1/lib/avr-gcc/9/gcc/avr/9.4.0/avr5/libgcc.a(_epilogue.o)
 .text.libgcc.prologue
                0x0000af7a       0x36 /opt/homebrew/Cellar/avr-gcc@9/9.4.0_1/lib/avr-gcc/9/gcc/avr/9.4.0/avr5/libgcc.a(_epilogue.o)
                0x0000af7a                __epilogue_restores__
 .text.libgcc.builtins
                0x0000afb0        0x0 /opt/homebrew/Cellar/avr-gcc@9/9.4.0_1/lib/avr-gcc/9/gcc/avr/9.4.0/avr5/libgcc.a(_epilogue.o)
 .text.libgcc.fmul
                0x0000afb0        0x0 /opt/homebrew/Cellar/avr-gcc@9/9.4.0_1/lib/avr-gcc/9/gcc/avr/9.4.0/avr5/libgcc.a(_epilogue.o)
 .text.libgcc.fixed
                0x0000afb0        0x0 /opt/homebrew/Cellar/avr-gcc@9/9.4.0_1/lib/avr-gcc/9/gcc/avr/9.4.0/avr5/libgcc.a(_epilogue.o)
 .text.avr-libc
                0x0000afb0       0x44 /opt/homebrew/Cellar/avr-gcc@9/9.4.0_1/lib/avr-gcc/9/gcc/avr/9.4.0/../../../../../../avr/lib/avr5/libc.a(ultoa_ncheck.o)
                0x0000afb0                __ultoa_ncheck
                0x0000afb2                __ultoa_common
 .text.avr-libc
                0x0000aff4       0x34 /opt/homebrew/Cellar/avr-gcc@9/9.4.0_1/lib/avr-gcc/9/gcc/avr/9.4.0/../../../../../../avr/lib/avr5/libc.a(utoa_ncheck.o)
                0x0000aff4                __utoa_ncheck
                0x0000aff6                __utoa_common
 .text.avr-libc
                0x0000b028       0x20 /opt/homebrew/Cellar/avr-gcc@9/9.4.0_1/lib/avr-gcc/9/gcc/avr/9.4.0/../../../../../../avr/lib/avr5/libc.a(strrev.o)
                0x0000b028                strrev
 .text.avr-libc
                0x0000b048       0x20 /opt/homebrew/Cellar/avr-gcc@9/9.4.0_1/lib/avr-gcc/9/gcc/avr/9.4.0/../../../../../../avr/lib/avr5/libatmega644.a(eerd_block.o)
                0x0000b048                eeprom_read_block
                0x0000b04c                eeprom_read_blraw
 .text.avr-libc
                0x0000b068       0x10 /opt/homebrew/Cellar/avr-gcc@9/9.4.0_1/lib/avr-gcc/9/gcc/avr/9.4.0/../../../../../../avr/lib/avr5/libatmega644.a(eerd_byte.o)
                0x0000b068                eeprom_read_byte
 .text.avr-libc
                0x0000b078        0xc /opt/homebrew/Cellar/avr-gcc@9/9.4.0_1/lib/avr-gcc/9/gcc/avr/9.4.0/../../../../../../avr/lib/avr5/libatmega644.a(eerd_word.o)
                0x0000b078                eeprom_read_word
 .text.avr-libc
                0x0000b084       0x14 /opt/homebrew/Cellar/avr-gcc@9/9.4.0_1/lib/avr-gcc/9/gcc/avr/9.4.0/../../../../../../avr/lib/avr5/libatmega644.a(eewr_block.o)
                0x0000b084                eeprom_write_block
 .text.avr-libc
                0x0000b098       0x1c /opt/homebrew/Cellar/avr-gcc@9/9.4.0_1/lib/avr-gcc/9/gcc/avr/9.4.0/../../../../../../avr/lib/avr5/libatmega644.a(eewr_byte.o)
                0x0000b098                eeprom_write_byte
                0x0000b09a                eeprom_write_r18
                0x0000b0b4                        . = ALIGN (0x2)
 *(.fini9)
 .fini9         0x0000b0b4        0x0 /opt/homebrew/Cellar/avr-gcc@9/9.4.0_1/lib/avr-gcc/9/gcc/avr/9.4.0/avr5/libgcc.a(_exit.o)
                0x0000b0b4                exit
                0x0000b0b4                _exit
 *(.fini9)
 *(.fini8)
 *(.fini8)
 *(.fini7)
 *(.fini7)
 *(.fini6)
 *(.fini6)
 *(.fini5)
 *(.fini5)
 *(.fini4)
 *(.fini4)
 *(.fini3)
 *(.fini3)
 *(.fini2)
 *(.fini2)
 *(.fini1)
 *(.fini1)
 *(.fini0)
 .fini0         0x0000b0b4        0x4 /opt/homebrew/Cellar/avr-gcc@9/9.4.0_1/lib/avr-gcc/9/gcc/avr/9.4.0/avr5/libgcc.a(_exit.o)
 *(.fini0)
 *(.hightext)
 *(.hightext*)
 *(.progmemx.*)
                0x0000b0b8                        . = ALIGN (0x2)
 *(.jumptables)
 *(.jumptables*)
 .jumptables.gcc.main
                0x0000b0b8       0x36 main.o
 .jumptables.gcc.MainMenu
                0x0000b0ee       0x54 user.o
                0x0000b142                        _etext = .

.data           0x00800100       0x10 load address 0x0000b142
                0x00800100                        PROVIDE (__data_start = .)
 *(.data)
 .data          0x00800100        0x0 /opt/homebrew/Cellar/avr-gcc@9/9.4.0_1/lib/avr-gcc/9/gcc/avr/9.4.0/../../../../../../avr/lib/avr5/crtatmega644.o
 .data          0x00800100        0x6 main.o
                0x00800100                ProbeColors
 .data          0x00800106        0x0 user.o
 .data          0x00800106        0x0 pause.o
 .data          0x00800106        0x0 adjust.o
 .data          0x00800106        0x0 ADC.o
 .data          0x00800106        0x0 probes.o
 .data          0x00800106        0x0 display.o
 .data          0x00800106        0x0 resistor.o
 .data          0x00800106        0x0 cap.o
 .data          0x00800106        0x0 semi.o
 .data          0x00800106        0x0 inductor.o
 .data          0x00800106        0x0 tools_misc.o
 .data          0x00800106        0x0 tools_signal.o
 .data          0x00800106        0x0 tools_counter.o
 .data          0x00800106        0x0 tools_LC_Meter.o
 .data          0x00800106        0x0 SPI.o
 .data          0x00800106        0x0 I2C.o
 .data          0x00800106        0x0 serial.o
 .data          0x00800106        0x0 commands.o
 .data          0x00800106        0x0 OneWire.o
 .data          0x00800106        0x0 IR_RX.o
 .data          0x00800106        0x0 IR_TX.o
 .data          0x00800106        0x0 DHTxx.o
 .data          0x00800106        0x0 ADS7843.o
 .data          0x00800106        0x0 MAX6675.o
 .data          0x00800106        0x0 MAX31855.o
 .data          0x00800106        0x0 BH1750.o
 .data          0x00800106        0x0 HD44780.o
 .data          0x00800106        0x0 ILI9163.o
 .data          0x00800106        0x0 ILI9341.o
 .data          0x00800106        0x0 ILI9481.o
 .data          0x00800106        0x0 ILI9486.o
 .data          0x00800106        0x0 ILI9488.o
 .data          0x00800106        0x0 PCD8544.o
 .data          0x00800106        0x0 PCF8814.o
 .data          0x00800106        0x0 SH1106.o
 .data          0x00800106        0x0 SSD1306.o
 .data          0x00800106        0x0 ST7036.o
 .data          0x00800106        0x0 ST7565R.o
 .data          0x00800106        0x0 ST7735.o
 .data          0x00800106        0x0 Semi_ST7735.o
 .data          0x00800106        0x0 ST7920.o
 .data          0x00800106        0x0 STE2007.o
 .data          0x00800106        0x0 VT100.o
 .data          0x00800106        0x0 RD_Display.o
 .data          0x00800106        0x0 wait.o
 .data          0x00800106        0x0 /opt/homebrew/Cellar/avr-gcc@9/9.4.0_1/lib/avr-gcc/9/gcc/avr/9.4.0/avr5/libgcc.a(_mulsi3.o)
 .data          0x00800106        0x0 /opt/homebrew/Cellar/avr-gcc@9/9.4.0_1/lib/avr-gcc/9/gcc/avr/9.4.0/avr5/libgcc.a(_udivmodqi4.o)
 .data          0x00800106        0x0 /opt/homebrew/Cellar/avr-gcc@9/9.4.0_1/lib/avr-gcc/9/gcc/avr/9.4.0/avr5/libgcc.a(_divmodqi4.o)
 .data          0x00800106        0x0 /opt/homebrew/Cellar/avr-gcc@9/9.4.0_1/lib/avr-gcc/9/gcc/avr/9.4.0/avr5/libgcc.a(_udivmodhi4.o)
 .data          0x00800106        0x0 /opt/homebrew/Cellar/avr-gcc@9/9.4.0_1/lib/avr-gcc/9/gcc/avr/9.4.0/avr5/libgcc.a(_divmodhi4.o)
 .data          0x00800106        0x0 /opt/homebrew/Cellar/avr-gcc@9/9.4.0_1/lib/avr-gcc/9/gcc/avr/9.4.0/avr5/libgcc.a(_udivmodsi4.o)
 .data          0x00800106        0x0 /opt/homebrew/Cellar/avr-gcc@9/9.4.0_1/lib/avr-gcc/9/gcc/avr/9.4.0/avr5/libgcc.a(_divmodsi4.o)
 .data          0x00800106        0x0 /opt/homebrew/Cellar/avr-gcc@9/9.4.0_1/lib/avr-gcc/9/gcc/avr/9.4.0/avr5/libgcc.a(_negsi2.o)
 .data          0x00800106        0x0 /opt/homebrew/Cellar/avr-gcc@9/9.4.0_1/lib/avr-gcc/9/gcc/avr/9.4.0/avr5/libgcc.a(_exit.o)
 .data          0x00800106        0x0 /opt/homebrew/Cellar/avr-gcc@9/9.4.0_1/lib/avr-gcc/9/gcc/avr/9.4.0/avr5/libgcc.a(_tablejump2.o)
 .data          0x00800106        0x0 /opt/homebrew/Cellar/avr-gcc@9/9.4.0_1/lib/avr-gcc/9/gcc/avr/9.4.0/avr5/libgcc.a(_copy_data.o)
 .data          0x00800106        0x0 /opt/homebrew/Cellar/avr-gcc@9/9.4.0_1/lib/avr-gcc/9/gcc/avr/9.4.0/avr5/libgcc.a(_clear_bss.o)
 .data          0x00800106        0x0 /opt/homebrew/Cellar/avr-gcc@9/9.4.0_1/lib/avr-gcc/9/gcc/avr/9.4.0/avr5/libgcc.a(_umulhisi3.o)
 .data          0x00800106        0x0 /opt/homebrew/Cellar/avr-gcc@9/9.4.0_1/lib/avr-gcc/9/gcc/avr/9.4.0/avr5/libgcc.a(_usmulhisi3.o)
 .data          0x00800106        0x0 /opt/homebrew/Cellar/avr-gcc@9/9.4.0_1/lib/avr-gcc/9/gcc/avr/9.4.0/avr5/libgcc.a(_muluhisi3.o)
 .data          0x00800106        0x0 /opt/homebrew/Cellar/avr-gcc@9/9.4.0_1/lib/avr-gcc/9/gcc/avr/9.4.0/avr5/libgcc.a(_prologue.o)
 .data          0x00800106        0x0 /opt/homebrew/Cellar/avr-gcc@9/9.4.0_1/lib/avr-gcc/9/gcc/avr/9.4.0/avr5/libgcc.a(_epilogue.o)
 .data          0x00800106        0x0 /opt/homebrew/Cellar/avr-gcc@9/9.4.0_1/lib/avr-gcc/9/gcc/avr/9.4.0/../../../../../../avr/lib/avr5/libc.a(ultoa_ncheck.o)
 .data          0x00800106        0x0 /opt/homebrew/Cellar/avr-gcc@9/9.4.0_1/lib/avr-gcc/9/gcc/avr/9.4.0/../../../../../../avr/lib/avr5/libc.a(utoa_ncheck.o)
 .data          0x00800106        0x0 /opt/homebrew/Cellar/avr-gcc@9/9.4.0_1/lib/avr-gcc/9/gcc/avr/9.4.0/../../../../../../avr/lib/avr5/libc.a(strrev.o)
 .data          0x00800106        0x0 /opt/homebrew/Cellar/avr-gcc@9/9.4.0_1/lib/avr-gcc/9/gcc/avr/9.4.0/../../../../../../avr/lib/avr5/libatmega644.a(eerd_block.o)
 .data          0x00800106        0x0 /opt/homebrew/Cellar/avr-gcc@9/9.4.0_1/lib/avr-gcc/9/gcc/avr/9.4.0/../../../../../../avr/lib/avr5/libatmega644.a(eerd_byte.o)
 .data          0x00800106        0x0 /opt/homebrew/Cellar/avr-gcc@9/9.4.0_1/lib/avr-gcc/9/gcc/avr/9.4.0/../../../../../../avr/lib/avr5/libatmega644.a(eerd_word.o)
 .data          0x00800106        0x0 /opt/homebrew/Cellar/avr-gcc@9/9.4.0_1/lib/avr-gcc/9/gcc/avr/9.4.0/../../../../../../avr/lib/avr5/libatmega644.a(eewr_block.o)
 .data          0x00800106        0x0 /opt/homebrew/Cellar/avr-gcc@9/9.4.0_1/lib/avr-gcc/9/gcc/avr/9.4.0/../../../../../../avr/lib/avr5/libatmega644.a(eewr_byte.o)
 *(.data*)
 *(.gnu.linkonce.d*)
 *(.rodata)
 .rodata        0x00800106        0x9 tools_misc.o
 *(.rodata*)
 *(.gnu.linkonce.r*)
                0x00800110                        . = ALIGN (0x2)
 *fill*         0x0080010f        0x1 
                0x00800110                        _edata = .
                0x00800110                        PROVIDE (__data_end = .)

.bss            0x00800110       0xf9
                0x00800110                        PROVIDE (__bss_start = .)
 *(.bss)
 .bss           0x00800110        0x0 /opt/homebrew/Cellar/avr-gcc@9/9.4.0_1/lib/avr-gcc/9/gcc/avr/9.4.0/../../../../../../avr/lib/avr5/crtatmega644.o
 .bss           0x00800110        0x0 main.o
 .bss           0x00800110        0x0 user.o
 .bss           0x00800110        0x0 pause.o
 .bss           0x00800110        0x0 adjust.o
 .bss           0x00800110        0x0 ADC.o
 .bss           0x00800110        0x0 probes.o
 .bss           0x00800110        0x0 display.o
 .bss           0x00800110        0x0 resistor.o
 .bss           0x00800110        0x0 cap.o
 .bss           0x00800110        0x0 semi.o
 .bss           0x00800110        0x0 inductor.o
 .bss           0x00800110        0x0 tools_misc.o
 .bss           0x00800110        0x0 tools_signal.o
 .bss           0x00800110        0x0 tools_counter.o
 .bss           0x00800110        0x0 tools_LC_Meter.o
 .bss           0x00800110        0x0 SPI.o
 .bss           0x00800110        0x0 I2C.o
 .bss           0x00800110        0x0 serial.o
 .bss           0x00800110        0x0 commands.o
 .bss           0x00800110        0x0 OneWire.o
 .bss           0x00800110        0x0 IR_RX.o
 .bss           0x00800110        0x0 IR_TX.o
 .bss           0x00800110        0x0 DHTxx.o
 .bss           0x00800110        0x0 ADS7843.o
 .bss           0x00800110        0x0 MAX6675.o
 .bss           0x00800110        0x0 MAX31855.o
 .bss           0x00800110        0x0 BH1750.o
 .bss           0x00800110        0x0 HD44780.o
 .bss           0x00800110        0x0 ILI9163.o
 .bss           0x00800110        0x0 ILI9341.o
 .bss           0x00800110        0x0 ILI9481.o
 .bss           0x00800110        0x0 ILI9486.o
 .bss           0x00800110        0x0 ILI9488.o
 .bss           0x00800110        0x0 PCD8544.o
 .bss           0x00800110        0x0 PCF8814.o
 .bss           0x00800110        0x0 SH1106.o
 .bss           0x00800110        0x0 SSD1306.o
 .bss           0x00800110        0x0 ST7036.o
 .bss           0x00800110        0x0 ST7565R.o
 .bss           0x00800110        0x0 ST7735.o
 .bss           0x00800110        0x0 Semi_ST7735.o
 .bss           0x00800110        0x0 ST7920.o
 .bss           0x00800110        0x0 STE2007.o
 .bss           0x00800110        0x0 VT100.o
 .bss           0x00800110        0x0 RD_Display.o
 .bss           0x00800110        0x0 wait.o
 .bss           0x00800110        0x0 /opt/homebrew/Cellar/avr-gcc@9/9.4.0_1/lib/avr-gcc/9/gcc/avr/9.4.0/avr5/libgcc.a(_mulsi3.o)
 .bss           0x00800110        0x0 /opt/homebrew/Cellar/avr-gcc@9/9.4.0_1/lib/avr-gcc/9/gcc/avr/9.4.0/avr5/libgcc.a(_udivmodqi4.o)
 .bss           0x00800110        0x0 /opt/homebrew/Cellar/avr-gcc@9/9.4.0_1/lib/avr-gcc/9/gcc/avr/9.4.0/avr5/libgcc.a(_divmodqi4.o)
 .bss           0x00800110        0x0 /opt/homebrew/Cellar/avr-gcc@9/9.4.0_1/lib/avr-gcc/9/gcc/avr/9.4.0/avr5/libgcc.a(_udivmodhi4.o)
 .bss           0x00800110        0x0 /opt/homebrew/Cellar/avr-gcc@9/9.4.0_1/lib/avr-gcc/9/gcc/avr/9.4.0/avr5/libgcc.a(_divmodhi4.o)
 .bss           0x00800110        0x0 /opt/homebrew/Cellar/avr-gcc@9/9.4.0_1/lib/avr-gcc/9/gcc/avr/9.4.0/avr5/libgcc.a(_udivmodsi4.o)
 .bss           0x00800110        0x0 /opt/homebrew/Cellar/avr-gcc@9/9.4.0_1/lib/avr-gcc/9/gcc/avr/9.4.0/avr5/libgcc.a(_divmodsi4.o)
 .bss           0x00800110        0x0 /opt/homebrew/Cellar/avr-gcc@9/9.4.0_1/lib/avr-gcc/9/gcc/avr/9.4.0/avr5/libgcc.a(_negsi2.o)
 .bss           0x00800110        0x0 /opt/homebrew/Cellar/avr-gcc@9/9.4.0_1/lib/avr-gcc/9/gcc/avr/9.4.0/avr5/libgcc.a(_exit.o)
 .bss           0x00800110        0x0 /opt/homebrew/Cellar/avr-gcc@9/9.4.0_1/lib/avr-gcc/9/gcc/avr/9.4.0/avr5/libgcc.a(_tablejump2.o)
 .bss           0x00800110        0x0 /opt/homebrew/Cellar/avr-gcc@9/9.4.0_1/lib/avr-gcc/9/gcc/avr/9.4.0/avr5/libgcc.a(_copy_data.o)
 .bss           0x00800110        0x0 /opt/homebrew/Cellar/avr-gcc@9/9.4.0_1/lib/avr-gcc/9/gcc/avr/9.4.0/avr5/libgcc.a(_clear_bss.o)
 .bss           0x00800110        0x0 /opt/homebrew/Cellar/avr-gcc@9/9.4.0_1/lib/avr-gcc/9/gcc/avr/9.4.0/avr5/libgcc.a(_umulhisi3.o)
 .bss           0x00800110        0x0 /opt/homebrew/Cellar/avr-gcc@9/9.4.0_1/lib/avr-gcc/9/gcc/avr/9.4.0/avr5/libgcc.a(_usmulhisi3.o)
 .bss           0x00800110        0x0 /opt/homebrew/Cellar/avr-gcc@9/9.4.0_1/lib/avr-gcc/9/gcc/avr/9.4.0/avr5/libgcc.a(_muluhisi3.o)
 .bss           0x00800110        0x0 /opt/homebrew/Cellar/avr-gcc@9/9.4.0_1/lib/avr-gcc/9/gcc/avr/9.4.0/avr5/libgcc.a(_prologue.o)
 .bss           0x00800110        0x0 /opt/homebrew/Cellar/avr-gcc@9/9.4.0_1/lib/avr-gcc/9/gcc/avr/9.4.0/avr5/libgcc.a(_epilogue.o)
 .bss           0x00800110        0x0 /opt/homebrew/Cellar/avr-gcc@9/9.4.0_1/lib/avr-gcc/9/gcc/avr/9.4.0/../../../../../../avr/lib/avr5/libc.a(ultoa_ncheck.o)
 .bss           0x00800110        0x0 /opt/homebrew/Cellar/avr-gcc@9/9.4.0_1/lib/avr-gcc/9/gcc/avr/9.4.0/../../../../../../avr/lib/avr5/libc.a(utoa_ncheck.o)
 .bss           0x00800110        0x0 /opt/homebrew/Cellar/avr-gcc@9/9.4.0_1/lib/avr-gcc/9/gcc/avr/9.4.0/../../../../../../avr/lib/avr5/libc.a(strrev.o)
 .bss           0x00800110        0x0 /opt/homebrew/Cellar/avr-gcc@9/9.4.0_1/lib/avr-gcc/9/gcc/avr/9.4.0/../../../../../../avr/lib/avr5/libatmega644.a(eerd_block.o)
 .bss           0x00800110        0x0 /opt/homebrew/Cellar/avr-gcc@9/9.4.0_1/lib/avr-gcc/9/gcc/avr/9.4.0/../../../../../../avr/lib/avr5/libatmega644.a(eerd_byte.o)
 .bss           0x00800110        0x0 /opt/homebrew/Cellar/avr-gcc@9/9.4.0_1/lib/avr-gcc/9/gcc/avr/9.4.0/../../../../../../avr/lib/avr5/libatmega644.a(eerd_word.o)
 .bss           0x00800110        0x0 /opt/homebrew/Cellar/avr-gcc@9/9.4.0_1/lib/avr-gcc/9/gcc/avr/9.4.0/../../../../../../avr/lib/avr5/libatmega644.a(eewr_block.o)
 .bss           0x00800110        0x0 /opt/homebrew/Cellar/avr-gcc@9/9.4.0_1/lib/avr-gcc/9/gcc/avr/9.4.0/../../../../../../avr/lib/avr5/libatmega644.a(eewr_byte.o)
 *(.bss*)
 *(COMMON)
 COMMON         0x00800110       0xef main.o
                0x00800110                Check
                0x0080011b                Resistors
                0x00800130                UI
                0x00800148                AltSemi
                0x0080014f                OutBuffer
                0x0080015b                Caps
                0x0080018b                Diodes
                0x008001af                Cfg
                0x008001bc                MissedParts
                0x008001bd                SPI
                0x008001be                Semi
                0x008001dd                Probes
                0x008001ef                NV
                0x008001fa                Inductor
 COMMON         0x008001ff        0xa ILI9341.o
                0x008001ff                X_End
                0x00800201                Y_End
                0x00800203                LineFlags
                0x00800205                Y_Start
                0x00800207                X_Start
                0x00800209                        PROVIDE (__bss_end = .)
                0x0000b142                        __data_load_start = LOADADDR (.data)
                0x0000b152                        __data_load_end = (__data_load_start + SIZEOF (.data))

.noinit         0x00800209        0x0
                [!provide]                        PROVIDE (__noinit_start = .)
 *(.noinit .noinit.* .gnu.linkonce.n.*)
                [!provide]                        PROVIDE (__noinit_end = .)
                0x00800209                        _end = .
                [!provide]                        PROVIDE (__heap_start = .)
                0x00000000                        __flmap_init_label = DEFINED (__flmap_noinit_start)?__flmap_noinit_start:0x0
                0x00000000                        __flmap = DEFINED (__flmap)?__flmap:0x0

.eeprom         0x00810000      0x494
 *(.eeprom*)
 .eeprom        0x00810000      0x494 main.o
                0x00810000                Channel_table
                0x00810003                Pin_table
                0x00810006                Rh_table
                0x00810009                Rl_table
                0x0081000c                EIA96_Mult_table
                0x00810015                ColorCode_table
                0x00810029                E96_table
                0x008100e9                E24_table
                0x00810119                E12_table
                0x00810131                E6_table
                0x0081013d                T1_RegBits_table
                0x00810142                T1_Prescaler_table
                0x0081014c                Inductor_table
                0x0081018c                SmallCap_table
                0x0081019e                LargeCap_table
                0x008101fa                Prefix_table
                0x00810202                Resistor_str
                0x00810207                Diode_CA_str
                0x0081020b                Diode_AC_str
                0x0081020f                Cap_str
                0x00810213                U_loss_str
                0x00810217                R2_str
                0x0081021a                R1_str
                0x0081021d                R_t_str
                0x00810220                DHT22_str
                0x00810226                DHT11_str
                0x0081022c                RH_str
                0x0081022f                DHTxx_str
                0x00810235                C_be_str
                0x00810239                h_FE_r_str
                0x0081023e                I_str
                0x00810241                R_BB_str
                0x00810246                t_off_str
                0x0081024c                t_on_str
                0x00810251                If_str
                0x00810254                ESR_str
                0x00810258                V_GSoff_str
                0x00810262                R_DS_str
                0x00810266                I_leak_str
                0x0081026a                I_DSS_str
                0x0081026f                Profile2_str
                0x00810272                Profile1_str
                0x00810275                CompOffset_str
                0x0081027b                Vcc_str
                0x0081027f                ROffset_str
                0x00810282                CapOffset_str
                0x00810285                ProbeComb_str
                0x0081028e                Rh_str
                0x00810293                Rl_str
                0x00810298                RiHigh_str
                0x0081029c                RiLow_str
                0x008102a0                RhHigh_str
                0x008102a4                RhLow_str
                0x008102a8                URef_str
                0x008102ad                V_T_str
                0x008102b0                I_R_str
                0x008102b4                Vth_str
                0x008102b8                DiodeCap_str
                0x008102ba                Vf_str
                0x008102bd                I_CEO_str
                0x008102c2                V_GT_str
                0x008102c7                V_BE_str
                0x008102cb                h_FE_str
                0x008102cf                PNP_str
                0x008102d3                NPN_str
                0x008102d7                C_gs_str
                0x008102db                IGBT_str
                0x008102e0                Depletion_str
                0x008102e5                Enhancement_str
                0x008102ea                Channel_str
                0x008102ee                FET_str
                0x008102f2                MOS_str
                0x008102f6                Version_str
                0x008102fd                Diode_LED_str
                0x00810307                PowerOff_str
                0x0081030b                Monitor_RL_str
                0x00810316                Monitor_RCL_str
                0x00810322                Monitor_L_str
                0x0081032c                Monitor_C_str
                0x00810336                Monitor_R_str
                0x00810340                CapDischarge_str
                0x0081034c                CapLow_str
                0x0081034f                CapHigh_str
                0x00810352                CapCharge_str
                0x0081035b                CapLeak_str
                0x00810367                UJT_str
                0x0081036b                Start_str
                0x00810371                CTR_str
                0x00810375                None_str
                0x0081037a                OptoCoupler_str
                0x00810387                TurnRight_str
                0x00810393                Encoder_str
                0x008103a2                SquareWave_str
                0x008103ae                PWM_str
                0x008103b2                Menu_or_Test_str
                0x008103be                Selftest_str
                0x008103c3                Hertz_str
                0x008103c6                Bye_str
                0x008103cb                PUT_str
                0x008103cf                Triac_str
                0x008103d5                Thyristor_str
                0x008103d9                BJT_str
                0x008103dd                Checksum_str
                0x008103e6                Exit_str
                0x008103eb                Error_str
                0x008103f2                DischargeFailed_str
                0x008103fb                ShortCircuit_str
                0x0081040a                Create_str
                0x00810411                Remove_str
                0x00810418                Show_str
                0x00810424                Load_str
                0x00810429                Save_str
                0x0081042e                Adjustment_str
                0x00810439                Select_str
                0x00810440                Done_str
                0x00810446                Failed2_str
                0x0081044d                Failed1_str
                0x0081045a                Timeout_str
                0x00810462                Probing_str
                0x0081046d                Tester_str
                0x0081047e                NV_Adjust_2
                0x00810489                NV_Adjust_1
                0x00810494                        __eeprom_end = .

.fuse
 *(.fuse)
 *(.lfuse)
 *(.hfuse)
 *(.efuse)

.lock
 *(.lock*)

.signature
 *(.signature*)

.stab
 *(.stab)

.stabstr
 *(.stabstr)

.stab.excl
 *(.stab.excl)

.stab.exclstr
 *(.stab.exclstr)

.stab.index
 *(.stab.index)

.stab.indexstr
 *(.stab.indexstr)

.comment        0x00000000       0x26
 *(.comment)
 .comment       0x00000000       0x26 main.o
                                 0x27 (size before relaxing)
 .comment       0x00000026       0x27 user.o
 .comment       0x00000026       0x27 pause.o
 .comment       0x00000026       0x27 adjust.o
 .comment       0x00000026       0x27 ADC.o
 .comment       0x00000026       0x27 probes.o
 .comment       0x00000026       0x27 display.o
 .comment       0x00000026       0x27 resistor.o
 .comment       0x00000026       0x27 cap.o
 .comment       0x00000026       0x27 semi.o
 .comment       0x00000026       0x27 inductor.o
 .comment       0x00000026       0x27 tools_misc.o
 .comment       0x00000026       0x27 tools_signal.o
 .comment       0x00000026       0x27 tools_counter.o
 .comment       0x00000026       0x27 tools_LC_Meter.o
 .comment       0x00000026       0x27 SPI.o
 .comment       0x00000026       0x27 I2C.o
 .comment       0x00000026       0x27 serial.o
 .comment       0x00000026       0x27 commands.o
 .comment       0x00000026       0x27 OneWire.o
 .comment       0x00000026       0x27 IR_RX.o
 .comment       0x00000026       0x27 IR_TX.o
 .comment       0x00000026       0x27 DHTxx.o
 .comment       0x00000026       0x27 ADS7843.o
 .comment       0x00000026       0x27 MAX6675.o
 .comment       0x00000026       0x27 MAX31855.o
 .comment       0x00000026       0x27 BH1750.o
 .comment       0x00000026       0x27 HD44780.o
 .comment       0x00000026       0x27 ILI9163.o
 .comment       0x00000026       0x27 ILI9341.o
 .comment       0x00000026       0x27 ILI9481.o
 .comment       0x00000026       0x27 ILI9486.o
 .comment       0x00000026       0x27 ILI9488.o
 .comment       0x00000026       0x27 PCD8544.o
 .comment       0x00000026       0x27 PCF8814.o
 .comment       0x00000026       0x27 SH1106.o
 .comment       0x00000026       0x27 SSD1306.o
 .comment       0x00000026       0x27 ST7036.o
 .comment       0x00000026       0x27 ST7565R.o
 .comment       0x00000026       0x27 ST7735.o
 .comment       0x00000026       0x27 Semi_ST7735.o
 .comment       0x00000026       0x27 ST7920.o
 .comment       0x00000026       0x27 STE2007.o
 .comment       0x00000026       0x27 VT100.o
 .comment       0x00000026       0x27 RD_Display.o

.note.gnu.avr.deviceinfo
                0x00000000       0x3c
 .note.gnu.avr.deviceinfo
                0x00000000       0x3c /opt/homebrew/Cellar/avr-gcc@9/9.4.0_1/lib/avr-gcc/9/gcc/avr/9.4.0/../../../../../../avr/lib/avr5/crtatmega644.o

.gnu.build.attributes
 *(.gnu.build.attributes .gnu.build.attributes.*)

.note.gnu.build-id
 *(.note.gnu.build-id)

.debug
 *(.debug)

.line
 *(.line)

.debug_srcinfo
 *(.debug_srcinfo)

.debug_sfnames
 *(.debug_sfnames)

.debug_aranges  0x00000000      0x478
 *(.debug_aranges)
 .debug_aranges
                0x00000000       0x28 main.o
 .debug_aranges
                0x00000028       0x20 user.o
 .debug_aranges
                0x00000048       0x20 pause.o
 .debug_aranges
                0x00000068       0x20 adjust.o
 .debug_aranges
                0x00000088       0x20 ADC.o
 .debug_aranges
                0x000000a8       0x20 probes.o
 .debug_aranges
                0x000000c8       0x20 display.o
 .debug_aranges
                0x000000e8       0x20 resistor.o
 .debug_aranges
                0x00000108       0x20 cap.o
 .debug_aranges
                0x00000128       0x20 semi.o
 .debug_aranges
                0x00000148       0x20 inductor.o
 .debug_aranges
                0x00000168       0x20 tools_misc.o
 .debug_aranges
                0x00000188       0x20 tools_signal.o
 .debug_aranges
                0x000001a8       0x18 tools_counter.o
 .debug_aranges
                0x000001c0       0x18 tools_LC_Meter.o
 .debug_aranges
                0x000001d8       0x20 SPI.o
 .debug_aranges
                0x000001f8       0x20 DHTxx.o
 .debug_aranges
                0x00000218       0x20 ILI9341.o
 .debug_aranges
                0x00000238       0x20 wait.o
 .debug_aranges
                0x00000258       0x20 /opt/homebrew/Cellar/avr-gcc@9/9.4.0_1/lib/avr-gcc/9/gcc/avr/9.4.0/avr5/libgcc.a(_mulsi3.o)
 .debug_aranges
                0x00000278       0x20 /opt/homebrew/Cellar/avr-gcc@9/9.4.0_1/lib/avr-gcc/9/gcc/avr/9.4.0/avr5/libgcc.a(_udivmodqi4.o)
 .debug_aranges
                0x00000298       0x20 /opt/homebrew/Cellar/avr-gcc@9/9.4.0_1/lib/avr-gcc/9/gcc/avr/9.4.0/avr5/libgcc.a(_divmodqi4.o)
 .debug_aranges
                0x000002b8       0x20 /opt/homebrew/Cellar/avr-gcc@9/9.4.0_1/lib/avr-gcc/9/gcc/avr/9.4.0/avr5/libgcc.a(_udivmodhi4.o)
 .debug_aranges
                0x000002d8       0x20 /opt/homebrew/Cellar/avr-gcc@9/9.4.0_1/lib/avr-gcc/9/gcc/avr/9.4.0/avr5/libgcc.a(_divmodhi4.o)
 .debug_aranges
                0x000002f8       0x20 /opt/homebrew/Cellar/avr-gcc@9/9.4.0_1/lib/avr-gcc/9/gcc/avr/9.4.0/avr5/libgcc.a(_udivmodsi4.o)
 .debug_aranges
                0x00000318       0x20 /opt/homebrew/Cellar/avr-gcc@9/9.4.0_1/lib/avr-gcc/9/gcc/avr/9.4.0/avr5/libgcc.a(_divmodsi4.o)
 .debug_aranges
                0x00000338       0x20 /opt/homebrew/Cellar/avr-gcc@9/9.4.0_1/lib/avr-gcc/9/gcc/avr/9.4.0/avr5/libgcc.a(_negsi2.o)
 .debug_aranges
                0x00000358       0x20 /opt/homebrew/Cellar/avr-gcc@9/9.4.0_1/lib/avr-gcc/9/gcc/avr/9.4.0/avr5/libgcc.a(_exit.o)
 .debug_aranges
                0x00000378       0x20 /opt/homebrew/Cellar/avr-gcc@9/9.4.0_1/lib/avr-gcc/9/gcc/avr/9.4.0/avr5/libgcc.a(_tablejump2.o)
 .debug_aranges
                0x00000398       0x20 /opt/homebrew/Cellar/avr-gcc@9/9.4.0_1/lib/avr-gcc/9/gcc/avr/9.4.0/avr5/libgcc.a(_copy_data.o)
 .debug_aranges
                0x000003b8       0x20 /opt/homebrew/Cellar/avr-gcc@9/9.4.0_1/lib/avr-gcc/9/gcc/avr/9.4.0/avr5/libgcc.a(_clear_bss.o)
 .debug_aranges
                0x000003d8       0x20 /opt/homebrew/Cellar/avr-gcc@9/9.4.0_1/lib/avr-gcc/9/gcc/avr/9.4.0/avr5/libgcc.a(_umulhisi3.o)
 .debug_aranges
                0x000003f8       0x20 /opt/homebrew/Cellar/avr-gcc@9/9.4.0_1/lib/avr-gcc/9/gcc/avr/9.4.0/avr5/libgcc.a(_usmulhisi3.o)
 .debug_aranges
                0x00000418       0x20 /opt/homebrew/Cellar/avr-gcc@9/9.4.0_1/lib/avr-gcc/9/gcc/avr/9.4.0/avr5/libgcc.a(_muluhisi3.o)
 .debug_aranges
                0x00000438       0x20 /opt/homebrew/Cellar/avr-gcc@9/9.4.0_1/lib/avr-gcc/9/gcc/avr/9.4.0/avr5/libgcc.a(_prologue.o)
 .debug_aranges
                0x00000458       0x20 /opt/homebrew/Cellar/avr-gcc@9/9.4.0_1/lib/avr-gcc/9/gcc/avr/9.4.0/avr5/libgcc.a(_epilogue.o)

.debug_pubnames
 *(.debug_pubnames)

.debug_info     0x00000000    0x1ec9b
 *(.debug_info .gnu.linkonce.wi.*)
 .debug_info    0x00000000      0x672 /opt/homebrew/Cellar/avr-gcc@9/9.4.0_1/lib/avr-gcc/9/gcc/avr/9.4.0/../../../../../../avr/lib/avr5/crtatmega644.o
 .debug_info    0x00000672     0x3d87 main.o
 .debug_info    0x000043f9     0x20b3 user.o
 .debug_info    0x000064ac     0x118f pause.o
 .debug_info    0x0000763b     0x1d4b adjust.o
 .debug_info    0x00009386     0x1240 ADC.o
 .debug_info    0x0000a5c6     0x1be1 probes.o
 .debug_info    0x0000c1a7     0x22a4 display.o
 .debug_info    0x0000e44b     0x15e8 resistor.o
 .debug_info    0x0000fa33     0x1b78 cap.o
 .debug_info    0x000115ab     0x1c84 semi.o
 .debug_info    0x0001322f     0x145e inductor.o
 .debug_info    0x0001468d     0x246f tools_misc.o
 .debug_info    0x00016afc     0x15b0 tools_signal.o
 .debug_info    0x000180ac     0x10da tools_counter.o
 .debug_info    0x00019186     0x10e8 tools_LC_Meter.o
 .debug_info    0x0001a26e     0x1192 SPI.o
 .debug_info    0x0001b400     0x18a0 DHTxx.o
 .debug_info    0x0001cca0     0x1d4f ILI9341.o
 .debug_info    0x0001e9ef       0x26 wait.o
 .debug_info    0x0001ea15       0x26 /opt/homebrew/Cellar/avr-gcc@9/9.4.0_1/lib/avr-gcc/9/gcc/avr/9.4.0/avr5/libgcc.a(_mulsi3.o)
 .debug_info    0x0001ea3b       0x26 /opt/homebrew/Cellar/avr-gcc@9/9.4.0_1/lib/avr-gcc/9/gcc/avr/9.4.0/avr5/libgcc.a(_udivmodqi4.o)
 .debug_info    0x0001ea61       0x26 /opt/homebrew/Cellar/avr-gcc@9/9.4.0_1/lib/avr-gcc/9/gcc/avr/9.4.0/avr5/libgcc.a(_divmodqi4.o)
 .debug_info    0x0001ea87       0x26 /opt/homebrew/Cellar/avr-gcc@9/9.4.0_1/lib/avr-gcc/9/gcc/avr/9.4.0/avr5/libgcc.a(_udivmodhi4.o)
 .debug_info    0x0001eaad       0x26 /opt/homebrew/Cellar/avr-gcc@9/9.4.0_1/lib/avr-gcc/9/gcc/avr/9.4.0/avr5/libgcc.a(_divmodhi4.o)
 .debug_info    0x0001ead3       0x26 /opt/homebrew/Cellar/avr-gcc@9/9.4.0_1/lib/avr-gcc/9/gcc/avr/9.4.0/avr5/libgcc.a(_udivmodsi4.o)
 .debug_info    0x0001eaf9       0x26 /opt/homebrew/Cellar/avr-gcc@9/9.4.0_1/lib/avr-gcc/9/gcc/avr/9.4.0/avr5/libgcc.a(_divmodsi4.o)
 .debug_info    0x0001eb1f       0x26 /opt/homebrew/Cellar/avr-gcc@9/9.4.0_1/lib/avr-gcc/9/gcc/avr/9.4.0/avr5/libgcc.a(_negsi2.o)
 .debug_info    0x0001eb45       0x26 /opt/homebrew/Cellar/avr-gcc@9/9.4.0_1/lib/avr-gcc/9/gcc/avr/9.4.0/avr5/libgcc.a(_exit.o)
 .debug_info    0x0001eb6b       0x26 /opt/homebrew/Cellar/avr-gcc@9/9.4.0_1/lib/avr-gcc/9/gcc/avr/9.4.0/avr5/libgcc.a(_tablejump2.o)
 .debug_info    0x0001eb91       0x26 /opt/homebrew/Cellar/avr-gcc@9/9.4.0_1/lib/avr-gcc/9/gcc/avr/9.4.0/avr5/libgcc.a(_copy_data.o)
 .debug_info    0x0001ebb7       0x26 /opt/homebrew/Cellar/avr-gcc@9/9.4.0_1/lib/avr-gcc/9/gcc/avr/9.4.0/avr5/libgcc.a(_clear_bss.o)
 .debug_info    0x0001ebdd       0x26 /opt/homebrew/Cellar/avr-gcc@9/9.4.0_1/lib/avr-gcc/9/gcc/avr/9.4.0/avr5/libgcc.a(_umulhisi3.o)
 .debug_info    0x0001ec03       0x26 /opt/homebrew/Cellar/avr-gcc@9/9.4.0_1/lib/avr-gcc/9/gcc/avr/9.4.0/avr5/libgcc.a(_usmulhisi3.o)
 .debug_info    0x0001ec29       0x26 /opt/homebrew/Cellar/avr-gcc@9/9.4.0_1/lib/avr-gcc/9/gcc/avr/9.4.0/avr5/libgcc.a(_muluhisi3.o)
 .debug_info    0x0001ec4f       0x26 /opt/homebrew/Cellar/avr-gcc@9/9.4.0_1/lib/avr-gcc/9/gcc/avr/9.4.0/avr5/libgcc.a(_prologue.o)
 .debug_info    0x0001ec75       0x26 /opt/homebrew/Cellar/avr-gcc@9/9.4.0_1/lib/avr-gcc/9/gcc/avr/9.4.0/avr5/libgcc.a(_epilogue.o)

.debug_abbrev   0x00000000     0x323d
 *(.debug_abbrev)
 .debug_abbrev  0x00000000      0x619 /opt/homebrew/Cellar/avr-gcc@9/9.4.0_1/lib/avr-gcc/9/gcc/avr/9.4.0/../../../../../../avr/lib/avr5/crtatmega644.o
 .debug_abbrev  0x00000619      0x3fd main.o
 .debug_abbrev  0x00000a16      0x346 user.o
 .debug_abbrev  0x00000d5c      0x173 pause.o
 .debug_abbrev  0x00000ecf      0x247 adjust.o
 .debug_abbrev  0x00001116      0x1af ADC.o
 .debug_abbrev  0x000012c5      0x2e2 probes.o
 .debug_abbrev  0x000015a7      0x355 display.o
 .debug_abbrev  0x000018fc      0x297 resistor.o
 .debug_abbrev  0x00001b93      0x38c cap.o
 .debug_abbrev  0x00001f1f      0x2ba semi.o
 .debug_abbrev  0x000021d9      0x231 inductor.o
 .debug_abbrev  0x0000240a      0x288 tools_misc.o
 .debug_abbrev  0x00002692      0x1ab tools_signal.o
 .debug_abbrev  0x0000283d      0x10c tools_counter.o
 .debug_abbrev  0x00002949      0x10c tools_LC_Meter.o
 .debug_abbrev  0x00002a55      0x179 SPI.o
 .debug_abbrev  0x00002bce      0x28d DHTxx.o
 .debug_abbrev  0x00002e5b      0x27a ILI9341.o
 .debug_abbrev  0x000030d5       0x14 wait.o
 .debug_abbrev  0x000030e9       0x14 /opt/homebrew/Cellar/avr-gcc@9/9.4.0_1/lib/avr-gcc/9/gcc/avr/9.4.0/avr5/libgcc.a(_mulsi3.o)
 .debug_abbrev  0x000030fd       0x14 /opt/homebrew/Cellar/avr-gcc@9/9.4.0_1/lib/avr-gcc/9/gcc/avr/9.4.0/avr5/libgcc.a(_udivmodqi4.o)
 .debug_abbrev  0x00003111       0x14 /opt/homebrew/Cellar/avr-gcc@9/9.4.0_1/lib/avr-gcc/9/gcc/avr/9.4.0/avr5/libgcc.a(_divmodqi4.o)
 .debug_abbrev  0x00003125       0x14 /opt/homebrew/Cellar/avr-gcc@9/9.4.0_1/lib/avr-gcc/9/gcc/avr/9.4.0/avr5/libgcc.a(_udivmodhi4.o)
 .debug_abbrev  0x00003139       0x14 /opt/homebrew/Cellar/avr-gcc@9/9.4.0_1/lib/avr-gcc/9/gcc/avr/9.4.0/avr5/libgcc.a(_divmodhi4.o)
 .debug_abbrev  0x0000314d       0x14 /opt/homebrew/Cellar/avr-gcc@9/9.4.0_1/lib/avr-gcc/9/gcc/avr/9.4.0/avr5/libgcc.a(_udivmodsi4.o)
 .debug_abbrev  0x00003161       0x14 /opt/homebrew/Cellar/avr-gcc@9/9.4.0_1/lib/avr-gcc/9/gcc/avr/9.4.0/avr5/libgcc.a(_divmodsi4.o)
 .debug_abbrev  0x00003175       0x14 /opt/homebrew/Cellar/avr-gcc@9/9.4.0_1/lib/avr-gcc/9/gcc/avr/9.4.0/avr5/libgcc.a(_negsi2.o)
 .debug_abbrev  0x00003189       0x14 /opt/homebrew/Cellar/avr-gcc@9/9.4.0_1/lib/avr-gcc/9/gcc/avr/9.4.0/avr5/libgcc.a(_exit.o)
 .debug_abbrev  0x0000319d       0x14 /opt/homebrew/Cellar/avr-gcc@9/9.4.0_1/lib/avr-gcc/9/gcc/avr/9.4.0/avr5/libgcc.a(_tablejump2.o)
 .debug_abbrev  0x000031b1       0x14 /opt/homebrew/Cellar/avr-gcc@9/9.4.0_1/lib/avr-gcc/9/gcc/avr/9.4.0/avr5/libgcc.a(_copy_data.o)
 .debug_abbrev  0x000031c5       0x14 /opt/homebrew/Cellar/avr-gcc@9/9.4.0_1/lib/avr-gcc/9/gcc/avr/9.4.0/avr5/libgcc.a(_clear_bss.o)
 .debug_abbrev  0x000031d9       0x14 /opt/homebrew/Cellar/avr-gcc@9/9.4.0_1/lib/avr-gcc/9/gcc/avr/9.4.0/avr5/libgcc.a(_umulhisi3.o)
 .debug_abbrev  0x000031ed       0x14 /opt/homebrew/Cellar/avr-gcc@9/9.4.0_1/lib/avr-gcc/9/gcc/avr/9.4.0/avr5/libgcc.a(_usmulhisi3.o)
 .debug_abbrev  0x00003201       0x14 /opt/homebrew/Cellar/avr-gcc@9/9.4.0_1/lib/avr-gcc/9/gcc/avr/9.4.0/avr5/libgcc.a(_muluhisi3.o)
 .debug_abbrev  0x00003215       0x14 /opt/homebrew/Cellar/avr-gcc@9/9.4.0_1/lib/avr-gcc/9/gcc/avr/9.4.0/avr5/libgcc.a(_prologue.o)
 .debug_abbrev  0x00003229       0x14 /opt/homebrew/Cellar/avr-gcc@9/9.4.0_1/lib/avr-gcc/9/gcc/avr/9.4.0/avr5/libgcc.a(_epilogue.o)

.debug_line     0x00000000    0x1460a
 *(.debug_line .debug_line.* .debug_line_end)
 .debug_line    0x00000000       0x1d /opt/homebrew/Cellar/avr-gcc@9/9.4.0_1/lib/avr-gcc/9/gcc/avr/9.4.0/../../../../../../avr/lib/avr5/crtatmega644.o
 .debug_line    0x0000001d     0x25cb main.o
 .debug_line    0x000025e8     0x1eec user.o
 .debug_line    0x000044d4      0x384 pause.o
 .debug_line    0x00004858     0x1442 adjust.o
 .debug_line    0x00005c9a      0x41a ADC.o
 .debug_line    0x000060b4     0x1728 probes.o
 .debug_line    0x000077dc     0x1406 display.o
 .debug_line    0x00008be2      0xe8d resistor.o
 .debug_line    0x00009a6f     0x2000 cap.o
 .debug_line    0x0000ba6f     0x2bd8 semi.o
 .debug_line    0x0000e647      0xad6 inductor.o
 .debug_line    0x0000f11d     0x1c2e tools_misc.o
 .debug_line    0x00010d4b      0xea9 tools_signal.o
 .debug_line    0x00011bf4       0xe5 tools_counter.o
 .debug_line    0x00011cd9       0xe5 tools_LC_Meter.o
 .debug_line    0x00011dbe      0x2e0 SPI.o
 .debug_line    0x0001209e        0x0 I2C.o
 .debug_line    0x0001209e        0x0 serial.o
 .debug_line    0x0001209e        0x0 commands.o
 .debug_line    0x0001209e        0x0 OneWire.o
 .debug_line    0x0001209e        0x0 IR_RX.o
 .debug_line    0x0001209e        0x0 IR_TX.o
 .debug_line    0x0001209e      0x984 DHTxx.o
 .debug_line    0x00012a22        0x0 ADS7843.o
 .debug_line    0x00012a22        0x0 MAX6675.o
 .debug_line    0x00012a22        0x0 MAX31855.o
 .debug_line    0x00012a22        0x0 BH1750.o
 .debug_line    0x00012a22        0x0 HD44780.o
 .debug_line    0x00012a22        0x0 ILI9163.o
 .debug_line    0x00012a22      0xf92 ILI9341.o
 .debug_line    0x000139b4        0x0 ILI9481.o
 .debug_line    0x000139b4        0x0 ILI9486.o
 .debug_line    0x000139b4        0x0 ILI9488.o
 .debug_line    0x000139b4        0x0 PCD8544.o
 .debug_line    0x000139b4        0x0 PCF8814.o
 .debug_line    0x000139b4        0x0 SH1106.o
 .debug_line    0x000139b4        0x0 SSD1306.o
 .debug_line    0x000139b4        0x0 ST7036.o
 .debug_line    0x000139b4        0x0 ST7565R.o
 .debug_line    0x000139b4        0x0 ST7735.o
 .debug_line    0x000139b4        0x0 Semi_ST7735.o
 .debug_line    0x000139b4        0x0 ST7920.o
 .debug_line    0x000139b4        0x0 STE2007.o
 .debug_line    0x000139b4        0x0 VT100.o
 .debug_line    0x000139b4        0x0 RD_Display.o
 .debug_line    0x000139b4      0x114 wait.o
 .debug_line    0x00013ac8       0xac /opt/homebrew/Cellar/avr-gcc@9/9.4.0_1/lib/avr-gcc/9/gcc/avr/9.4.0/avr5/libgcc.a(_mulsi3.o)
 .debug_line    0x00013b74       0x9a /opt/homebrew/Cellar/avr-gcc@9/9.4.0_1/lib/avr-gcc/9/gcc/avr/9.4.0/avr5/libgcc.a(_udivmodqi4.o)
 .debug_line    0x00013c0e       0xa0 /opt/homebrew/Cellar/avr-gcc@9/9.4.0_1/lib/avr-gcc/9/gcc/avr/9.4.0/avr5/libgcc.a(_divmodqi4.o)
 .debug_line    0x00013cae       0xca /opt/homebrew/Cellar/avr-gcc@9/9.4.0_1/lib/avr-gcc/9/gcc/avr/9.4.0/avr5/libgcc.a(_udivmodhi4.o)
 .debug_line    0x00013d78       0xc4 /opt/homebrew/Cellar/avr-gcc@9/9.4.0_1/lib/avr-gcc/9/gcc/avr/9.4.0/avr5/libgcc.a(_divmodhi4.o)
 .debug_line    0x00013e3c      0x11e /opt/homebrew/Cellar/avr-gcc@9/9.4.0_1/lib/avr-gcc/9/gcc/avr/9.4.0/avr5/libgcc.a(_udivmodsi4.o)
 .debug_line    0x00013f5a       0xca /opt/homebrew/Cellar/avr-gcc@9/9.4.0_1/lib/avr-gcc/9/gcc/avr/9.4.0/avr5/libgcc.a(_divmodsi4.o)
 .debug_line    0x00014024       0x5e /opt/homebrew/Cellar/avr-gcc@9/9.4.0_1/lib/avr-gcc/9/gcc/avr/9.4.0/avr5/libgcc.a(_negsi2.o)
 .debug_line    0x00014082       0x5e /opt/homebrew/Cellar/avr-gcc@9/9.4.0_1/lib/avr-gcc/9/gcc/avr/9.4.0/avr5/libgcc.a(_exit.o)
 .debug_line    0x000140e0       0x76 /opt/homebrew/Cellar/avr-gcc@9/9.4.0_1/lib/avr-gcc/9/gcc/avr/9.4.0/avr5/libgcc.a(_tablejump2.o)
 .debug_line    0x00014156       0x94 /opt/homebrew/Cellar/avr-gcc@9/9.4.0_1/lib/avr-gcc/9/gcc/avr/9.4.0/avr5/libgcc.a(_copy_data.o)
 .debug_line    0x000141ea       0x82 /opt/homebrew/Cellar/avr-gcc@9/9.4.0_1/lib/avr-gcc/9/gcc/avr/9.4.0/avr5/libgcc.a(_clear_bss.o)
 .debug_line    0x0001426c       0xac /opt/homebrew/Cellar/avr-gcc@9/9.4.0_1/lib/avr-gcc/9/gcc/avr/9.4.0/avr5/libgcc.a(_umulhisi3.o)
 .debug_line    0x00014318       0x76 /opt/homebrew/Cellar/avr-gcc@9/9.4.0_1/lib/avr-gcc/9/gcc/avr/9.4.0/avr5/libgcc.a(_usmulhisi3.o)
 .debug_line    0x0001438e       0x8e /opt/homebrew/Cellar/avr-gcc@9/9.4.0_1/lib/avr-gcc/9/gcc/avr/9.4.0/avr5/libgcc.a(_muluhisi3.o)
 .debug_line    0x0001441c       0xfa /opt/homebrew/Cellar/avr-gcc@9/9.4.0_1/lib/avr-gcc/9/gcc/avr/9.4.0/avr5/libgcc.a(_prologue.o)
 .debug_line    0x00014516       0xf4 /opt/homebrew/Cellar/avr-gcc@9/9.4.0_1/lib/avr-gcc/9/gcc/avr/9.4.0/avr5/libgcc.a(_epilogue.o)

.debug_frame    0x00000000     0x14f8
 *(.debug_frame)
 .debug_frame   0x00000000      0x358 main.o
 .debug_frame   0x00000358      0x240 user.o
 .debug_frame   0x00000598       0x34 pause.o
 .debug_frame   0x000005cc       0xdc adjust.o
 .debug_frame   0x000006a8       0x5c ADC.o
 .debug_frame   0x00000704      0x18c probes.o
 .debug_frame   0x00000890      0x350 display.o
 .debug_frame   0x00000be0       0xa8 resistor.o
 .debug_frame   0x00000c88      0x114 cap.o
 .debug_frame   0x00000d9c      0x1f8 semi.o
 .debug_frame   0x00000f94       0x6c inductor.o
 .debug_frame   0x00001000      0x1b0 tools_misc.o
 .debug_frame   0x000011b0       0x78 tools_signal.o
 .debug_frame   0x00001228       0x44 SPI.o
 .debug_frame   0x0000126c      0x10c DHTxx.o
 .debug_frame   0x00001378      0x180 ILI9341.o

.debug_str      0x00000000     0x1dc0
 *(.debug_str)
 .debug_str     0x00000000      0x231 /opt/homebrew/Cellar/avr-gcc@9/9.4.0_1/lib/avr-gcc/9/gcc/avr/9.4.0/../../../../../../avr/lib/avr5/crtatmega644.o
 .debug_str     0x00000231     0x1b8f main.o
                               0x10a8 (size before relaxing)
 .debug_str     0x00001dc0      0xd92 user.o
 .debug_str     0x00001dc0      0x9d5 pause.o
 .debug_str     0x00001dc0      0xc6f adjust.o
 .debug_str     0x00001dc0      0x9ec ADC.o
 .debug_str     0x00001dc0      0xbf8 probes.o
 .debug_str     0x00001dc0      0xd88 display.o
 .debug_str     0x00001dc0      0xaa0 resistor.o
 .debug_str     0x00001dc0      0xb3b cap.o
 .debug_str     0x00001dc0      0xbe7 semi.o
 .debug_str     0x00001dc0      0xa62 inductor.o
 .debug_str     0x00001dc0      0xc70 tools_misc.o
 .debug_str     0x00001dc0      0xafe tools_signal.o
 .debug_str     0x00001dc0      0x9a9 tools_counter.o
 .debug_str     0x00001dc0      0x9c7 tools_LC_Meter.o
 .debug_str     0x00001dc0      0x9cc SPI.o
 .debug_str     0x00001dc0       0xe2 I2C.o
 .debug_str     0x00001dc0       0xe5 serial.o
 .debug_str     0x00001dc0       0xe7 commands.o
 .debug_str     0x00001dc0       0xe6 OneWire.o
 .debug_str     0x00001dc0       0xe4 IR_RX.o
 .debug_str     0x00001dc0       0xe4 IR_TX.o
 .debug_str     0x00001dc0      0xbb8 DHTxx.o
 .debug_str     0x00001dc0       0xe6 ADS7843.o
 .debug_str     0x00001dc0       0xe6 MAX6675.o
 .debug_str     0x00001dc0       0xe7 MAX31855.o
 .debug_str     0x00001dc0       0xe5 BH1750.o
 .debug_str     0x00001dc0       0xe6 HD44780.o
 .debug_str     0x00001dc0       0xe6 ILI9163.o
 .debug_str     0x00001dc0      0xb2b ILI9341.o
 .debug_str     0x00001dc0       0xe6 ILI9481.o
 .debug_str     0x00001dc0       0xe6 ILI9486.o
 .debug_str     0x00001dc0       0xe6 ILI9488.o
 .debug_str     0x00001dc0       0xe6 PCD8544.o
 .debug_str     0x00001dc0       0xe6 PCF8814.o
 .debug_str     0x00001dc0       0xe5 SH1106.o
 .debug_str     0x00001dc0       0xe6 SSD1306.o
 .debug_str     0x00001dc0       0xe5 ST7036.o
 .debug_str     0x00001dc0       0xe6 ST7565R.o
 .debug_str     0x00001dc0       0xe5 ST7735.o
 .debug_str     0x00001dc0       0xea Semi_ST7735.o
 .debug_str     0x00001dc0       0xe5 ST7920.o
 .debug_str     0x00001dc0       0xe6 STE2007.o
 .debug_str     0x00001dc0       0xe4 VT100.o
 .debug_str     0x00001dc0       0xe9 RD_Display.o
 .debug_str     0x00001dc0       0x53 wait.o
 .debug_str     0x00001dc0       0x82 /opt/homebrew/Cellar/avr-gcc@9/9.4.0_1/lib/avr-gcc/9/gcc/avr/9.4.0/avr5/libgcc.a(_mulsi3.o)
 .debug_str     0x00001dc0       0x82 /opt/homebrew/Cellar/avr-gcc@9/9.4.0_1/lib/avr-gcc/9/gcc/avr/9.4.0/avr5/libgcc.a(_udivmodqi4.o)
 .debug_str     0x00001dc0       0x82 /opt/homebrew/Cellar/avr-gcc@9/9.4.0_1/lib/avr-gcc/9/gcc/avr/9.4.0/avr5/libgcc.a(_divmodqi4.o)
 .debug_str     0x00001dc0       0x82 /opt/homebrew/Cellar/avr-gcc@9/9.4.0_1/lib/avr-gcc/9/gcc/avr/9.4.0/avr5/libgcc.a(_udivmodhi4.o)
 .debug_str     0x00001dc0       0x82 /opt/homebrew/Cellar/avr-gcc@9/9.4.0_1/lib/avr-gcc/9/gcc/avr/9.4.0/avr5/libgcc.a(_divmodhi4.o)
 .debug_str     0x00001dc0       0x82 /opt/homebrew/Cellar/avr-gcc@9/9.4.0_1/lib/avr-gcc/9/gcc/avr/9.4.0/avr5/libgcc.a(_udivmodsi4.o)
 .debug_str     0x00001dc0       0x82 /opt/homebrew/Cellar/avr-gcc@9/9.4.0_1/lib/avr-gcc/9/gcc/avr/9.4.0/avr5/libgcc.a(_divmodsi4.o)
 .debug_str     0x00001dc0       0x82 /opt/homebrew/Cellar/avr-gcc@9/9.4.0_1/lib/avr-gcc/9/gcc/avr/9.4.0/avr5/libgcc.a(_negsi2.o)
 .debug_str     0x00001dc0       0x82 /opt/homebrew/Cellar/avr-gcc@9/9.4.0_1/lib/avr-gcc/9/gcc/avr/9.4.0/avr5/libgcc.a(_exit.o)
 .debug_str     0x00001dc0       0x82 /opt/homebrew/Cellar/avr-gcc@9/9.4.0_1/lib/avr-gcc/9/gcc/avr/9.4.0/avr5/libgcc.a(_tablejump2.o)
 .debug_str     0x00001dc0       0x82 /opt/homebrew/Cellar/avr-gcc@9/9.4.0_1/lib/avr-gcc/9/gcc/avr/9.4.0/avr5/libgcc.a(_copy_data.o)
 .debug_str     0x00001dc0       0x82 /opt/homebrew/Cellar/avr-gcc@9/9.4.0_1/lib/avr-gcc/9/gcc/avr/9.4.0/avr5/libgcc.a(_clear_bss.o)
 .debug_str     0x00001dc0       0x82 /opt/homebrew/Cellar/avr-gcc@9/9.4.0_1/lib/avr-gcc/9/gcc/avr/9.4.0/avr5/libgcc.a(_umulhisi3.o)
 .debug_str     0x00001dc0       0x82 /opt/homebrew/Cellar/avr-gcc@9/9.4.0_1/lib/avr-gcc/9/gcc/avr/9.4.0/avr5/libgcc.a(_usmulhisi3.o)
 .debug_str     0x00001dc0       0x82 /opt/homebrew/Cellar/avr-gcc@9/9.4.0_1/lib/avr-gcc/9/gcc/avr/9.4.0/avr5/libgcc.a(_muluhisi3.o)
 .debug_str     0x00001dc0       0x82 /opt/homebrew/Cellar/avr-gcc@9/9.4.0_1/lib/avr-gcc/9/gcc/avr/9.4.0/avr5/libgcc.a(_prologue.o)
 .debug_str     0x00001dc0       0x82 /opt/homebrew/Cellar/avr-gcc@9/9.4.0_1/lib/avr-gcc/9/gcc/avr/9.4.0/avr5/libgcc.a(_epilogue.o)

.debug_loc      0x00000000     0xda17
 *(.debug_loc)
 .debug_loc     0x00000000     0x19ac main.o
 .debug_loc     0x000019ac     0x1a0d user.o
 .debug_loc     0x000033b9      0x125 pause.o
 .debug_loc     0x000034de      0xd35 adjust.o
 .debug_loc     0x00004213      0x25b ADC.o
 .debug_loc     0x0000446e     0x1150 probes.o
 .debug_loc     0x000055be     0x1410 display.o
 .debug_loc     0x000069ce      0xc2f resistor.o
 .debug_loc     0x000075fd     0x10e7 cap.o
 .debug_loc     0x000086e4     0x1cca semi.o
 .debug_loc     0x0000a3ae      0x711 inductor.o
 .debug_loc     0x0000aabf     0x1010 tools_misc.o
 .debug_loc     0x0000bacf      0xb3d tools_signal.o
 .debug_loc     0x0000c60c       0x7d SPI.o
 .debug_loc     0x0000c689      0x8b1 DHTxx.o
 .debug_loc     0x0000cf3a      0xadd ILI9341.o

.debug_macinfo
 *(.debug_macinfo)

.debug_weaknames
 *(.debug_weaknames)

.debug_funcnames
 *(.debug_funcnames)

.debug_typenames
 *(.debug_typenames)

.debug_varnames
 *(.debug_varnames)

.debug_pubtypes
 *(.debug_pubtypes)

.debug_ranges   0x00000000      0x198
 *(.debug_ranges)
 .debug_ranges  0x00000000       0x60 main.o
 .debug_ranges  0x00000060       0x60 user.o
 .debug_ranges  0x000000c0       0x18 pause.o
 .debug_ranges  0x000000d8       0x78 display.o
 .debug_ranges  0x00000150       0x18 resistor.o
 .debug_ranges  0x00000168       0x18 cap.o
 .debug_ranges  0x00000180       0x18 ILI9341.o

.debug_addr
 *(.debug_addr)

.debug_line_str
 *(.debug_line_str)

.debug_loclists
 *(.debug_loclists)

.debug_macro
 *(.debug_macro)

.debug_names
 *(.debug_names)

.debug_rnglists
 *(.debug_rnglists)

.debug_str_offsets
 *(.debug_str_offsets)

.debug_sup
 *(.debug_sup)
OUTPUT(ComponentTester elf32-avr)
LOAD linker stubs
